Archive member included to satisfy reference by file (symbol)

/home/furkan/st/stm32cubeide_1.6.1_2/plugins/com.st.stm32cube.ide.mcu.externaltools.gnu-tools-for-stm32.9-2020-q2-update.linux64_1.5.0.202011040924/tools/bin/../lib/gcc/arm-none-eabi/9.3.1/../../../../arm-none-eabi/lib/thumb/v7-m/nofp/libc_nano.a(lib_a-errno.o)
                              Core/Src/syscalls.o (__errno)
/home/furkan/st/stm32cubeide_1.6.1_2/plugins/com.st.stm32cube.ide.mcu.externaltools.gnu-tools-for-stm32.9-2020-q2-update.linux64_1.5.0.202011040924/tools/bin/../lib/gcc/arm-none-eabi/9.3.1/../../../../arm-none-eabi/lib/thumb/v7-m/nofp/libc_nano.a(lib_a-exit.o)
                              /home/furkan/st/stm32cubeide_1.6.1_2/plugins/com.st.stm32cube.ide.mcu.externaltools.gnu-tools-for-stm32.9-2020-q2-update.linux64_1.5.0.202011040924/tools/bin/../lib/gcc/arm-none-eabi/9.3.1/../../../../arm-none-eabi/lib/thumb/v7-m/nofp/crt0.o (exit)
/home/furkan/st/stm32cubeide_1.6.1_2/plugins/com.st.stm32cube.ide.mcu.externaltools.gnu-tools-for-stm32.9-2020-q2-update.linux64_1.5.0.202011040924/tools/bin/../lib/gcc/arm-none-eabi/9.3.1/../../../../arm-none-eabi/lib/thumb/v7-m/nofp/libc_nano.a(lib_a-impure.o)
                              /home/furkan/st/stm32cubeide_1.6.1_2/plugins/com.st.stm32cube.ide.mcu.externaltools.gnu-tools-for-stm32.9-2020-q2-update.linux64_1.5.0.202011040924/tools/bin/../lib/gcc/arm-none-eabi/9.3.1/../../../../arm-none-eabi/lib/thumb/v7-m/nofp/libc_nano.a(lib_a-exit.o) (_global_impure_ptr)
/home/furkan/st/stm32cubeide_1.6.1_2/plugins/com.st.stm32cube.ide.mcu.externaltools.gnu-tools-for-stm32.9-2020-q2-update.linux64_1.5.0.202011040924/tools/bin/../lib/gcc/arm-none-eabi/9.3.1/../../../../arm-none-eabi/lib/thumb/v7-m/nofp/libc_nano.a(lib_a-init.o)
                              /home/furkan/st/stm32cubeide_1.6.1_2/plugins/com.st.stm32cube.ide.mcu.externaltools.gnu-tools-for-stm32.9-2020-q2-update.linux64_1.5.0.202011040924/tools/bin/../lib/gcc/arm-none-eabi/9.3.1/../../../../arm-none-eabi/lib/thumb/v7-m/nofp/crt0.o (__libc_init_array)
/home/furkan/st/stm32cubeide_1.6.1_2/plugins/com.st.stm32cube.ide.mcu.externaltools.gnu-tools-for-stm32.9-2020-q2-update.linux64_1.5.0.202011040924/tools/bin/../lib/gcc/arm-none-eabi/9.3.1/../../../../arm-none-eabi/lib/thumb/v7-m/nofp/libc_nano.a(lib_a-memcpy-stub.o)
                              Middlewares/Third_Party/FreeRTOS/Source/queue.o (memcpy)
/home/furkan/st/stm32cubeide_1.6.1_2/plugins/com.st.stm32cube.ide.mcu.externaltools.gnu-tools-for-stm32.9-2020-q2-update.linux64_1.5.0.202011040924/tools/bin/../lib/gcc/arm-none-eabi/9.3.1/../../../../arm-none-eabi/lib/thumb/v7-m/nofp/libc_nano.a(lib_a-memset.o)
                              /home/furkan/st/stm32cubeide_1.6.1_2/plugins/com.st.stm32cube.ide.mcu.externaltools.gnu-tools-for-stm32.9-2020-q2-update.linux64_1.5.0.202011040924/tools/bin/../lib/gcc/arm-none-eabi/9.3.1/../../../../arm-none-eabi/lib/thumb/v7-m/nofp/crt0.o (memset)
/home/furkan/st/stm32cubeide_1.6.1_2/plugins/com.st.stm32cube.ide.mcu.externaltools.gnu-tools-for-stm32.9-2020-q2-update.linux64_1.5.0.202011040924/tools/bin/../lib/gcc/arm-none-eabi/9.3.1/../../../../arm-none-eabi/lib/thumb/v7-m/nofp/libc_nano.a(lib_a-sprintf.o)
                              Core/Src/main.o (sprintf)
/home/furkan/st/stm32cubeide_1.6.1_2/plugins/com.st.stm32cube.ide.mcu.externaltools.gnu-tools-for-stm32.9-2020-q2-update.linux64_1.5.0.202011040924/tools/bin/../lib/gcc/arm-none-eabi/9.3.1/../../../../arm-none-eabi/lib/thumb/v7-m/nofp/libc_nano.a(lib_a-strlen.o)
                              Core/Src/fonts.o (strlen)
/home/furkan/st/stm32cubeide_1.6.1_2/plugins/com.st.stm32cube.ide.mcu.externaltools.gnu-tools-for-stm32.9-2020-q2-update.linux64_1.5.0.202011040924/tools/bin/../lib/gcc/arm-none-eabi/9.3.1/../../../../arm-none-eabi/lib/thumb/v7-m/nofp/libc_nano.a(lib_a-nano-svfprintf.o)
                              /home/furkan/st/stm32cubeide_1.6.1_2/plugins/com.st.stm32cube.ide.mcu.externaltools.gnu-tools-for-stm32.9-2020-q2-update.linux64_1.5.0.202011040924/tools/bin/../lib/gcc/arm-none-eabi/9.3.1/../../../../arm-none-eabi/lib/thumb/v7-m/nofp/libc_nano.a(lib_a-sprintf.o) (_svfprintf_r)
/home/furkan/st/stm32cubeide_1.6.1_2/plugins/com.st.stm32cube.ide.mcu.externaltools.gnu-tools-for-stm32.9-2020-q2-update.linux64_1.5.0.202011040924/tools/bin/../lib/gcc/arm-none-eabi/9.3.1/../../../../arm-none-eabi/lib/thumb/v7-m/nofp/libc_nano.a(lib_a-nano-vfprintf_i.o)
                              /home/furkan/st/stm32cubeide_1.6.1_2/plugins/com.st.stm32cube.ide.mcu.externaltools.gnu-tools-for-stm32.9-2020-q2-update.linux64_1.5.0.202011040924/tools/bin/../lib/gcc/arm-none-eabi/9.3.1/../../../../arm-none-eabi/lib/thumb/v7-m/nofp/libc_nano.a(lib_a-nano-svfprintf.o) (_printf_i)
[...]
Memory Configuration

Name             Origin             Length             Attributes
RAM              0x0000000020000000 0x0000000000005000 xrw
FLASH            0x0000000008000000 0x0000000000010000 xr
*default*        0x0000000000000000 0xffffffffffffffff

Linker script and memory map

LOAD /home/furkan/st/stm32cubeide_1.6.1_2/plugins/com.st.stm32cube.ide.mcu.externaltools.gnu-tools-for-stm32.9-2020-q2-update.linux64_1.5.0.202011040924/tools/bin/../lib/gcc/arm-none-eabi/9.3.1/thumb/v7-m/nofp/crti.o
LOAD /home/furkan/st/stm32cubeide_1.6.1_2/plugins/com.st.stm32cube.ide.mcu.externaltools.gnu-tools-for-stm32.9-2020-q2-update.linux64_1.5.0.202011040924/tools/bin/../lib/gcc/arm-none-eabi/9.3.1/thumb/v7-m/nofp/crtbegin.o
LOAD /home/furkan/st/stm32cubeide_1.6.1_2/plugins/com.st.stm32cube.ide.mcu.externaltools.gnu-tools-for-stm32.9-2020-q2-update.linux64_1.5.0.202011040924/tools/bin/../lib/gcc/arm-none-eabi/9.3.1/../../../../arm-none-eabi/lib/thumb/v7-m/nofp/crt0.o
LOAD Core/Src/fonts.o
LOAD Core/Src/freertos.o
LOAD Core/Src/main.o
LOAD Core/Src/ssd1306.o
LOAD Core/Src/stm32f1xx_hal_msp.o
LOAD Core/Src/stm32f1xx_it.o
LOAD Core/Src/syscalls.o
LOAD Core/Src/sysmem.o
LOAD Core/Src/system_stm32f1xx.o
LOAD Core/Src/test.o
LOAD Core/Startup/startup_stm32f103c8tx.o
LOAD Drivers/STM32F1xx_HAL_Driver/Src/stm32f1xx_hal.o
LOAD Drivers/STM32F1xx_HAL_Driver/Src/stm32f1xx_hal_adc.o
LOAD Drivers/STM32F1xx_HAL_Driver/Src/stm32f1xx_hal_adc_ex.o
LOAD Drivers/STM32F1xx_HAL_Driver/Src/stm32f1xx_hal_cortex.o
LOAD Drivers/STM32F1xx_HAL_Driver/Src/stm32f1xx_hal_dma.o
LOAD Drivers/STM32F1xx_HAL_Driver/Src/stm32f1xx_hal_exti.o
LOAD Drivers/STM32F1xx_HAL_Driver/Src/stm32f1xx_hal_flash.o
LOAD Drivers/STM32F1xx_HAL_Driver/Src/stm32f1xx_hal_flash_ex.o
LOAD Drivers/STM32F1xx_HAL_Driver/Src/stm32f1xx_hal_gpio.o
LOAD Drivers/STM32F1xx_HAL_Driver/Src/stm32f1xx_hal_gpio_ex.o
LOAD Drivers/STM32F1xx_HAL_Driver/Src/stm32f1xx_hal_i2c.o
LOAD Drivers/STM32F1xx_HAL_Driver/Src/stm32f1xx_hal_pwr.o
LOAD Drivers/STM32F1xx_HAL_Driver/Src/stm32f1xx_hal_rcc.o
LOAD Drivers/STM32F1xx_HAL_Driver/Src/stm32f1xx_hal_rcc_ex.o
LOAD Drivers/STM32F1xx_HAL_Driver/Src/stm32f1xx_hal_tim.o
LOAD Drivers/STM32F1xx_HAL_Driver/Src/stm32f1xx_hal_tim_ex.o
LOAD Middlewares/Third_Party/FreeRTOS/Source/CMSIS_RTOS/cmsis_os.o
LOAD Middlewares/Third_Party/FreeRTOS/Source/croutine.o
LOAD Middlewares/Third_Party/FreeRTOS/Source/event_groups.o
LOAD Middlewares/Third_Party/FreeRTOS/Source/list.o
LOAD Middlewares/Third_Party/FreeRTOS/Source/queue.o
LOAD Middlewares/Third_Party/FreeRTOS/Source/stream_buffer.o
LOAD Middlewares/Third_Party/FreeRTOS/Source/tasks.o
LOAD Middlewares/Third_Party/FreeRTOS/Source/timers.o
LOAD Middlewares/Third_Party/FreeRTOS/Source/portable/GCC/ARM_CM3/port.o
LOAD Middlewares/Third_Party/FreeRTOS/Source/portable/MemMang/heap_4.o
START GROUP
LOAD /home/furkan/st/stm32cubeide_1.6.1_2/plugins/com.st.stm32cube.ide.mcu.externaltools.gnu-tools-for-stm32.9-2020-q2-update.linux64_1.5.0.202011040924/tools/bin/../lib/gcc/arm-none-eabi/9.3.1/../../../../arm-none-eabi/lib/thumb/v7-m/nofp/libc_nano.a
LOAD /home/furkan/st/stm32cubeide_1.6.1_2/plugins/com.st.stm32cube.ide.mcu.externaltools.gnu-tools-for-stm32.9-2020-q2-update.linux64_1.5.0.202011040924/tools/bin/../lib/gcc/arm-none-eabi/9.3.1/../../../../arm-none-eabi/lib/thumb/v7-m/nofp/libm.a
END GROUP
START GROUP
LOAD /home/furkan/st/stm32cubeide_1.6.1_2/plugins/com.st.stm32cube.ide.mcu.externaltools.gnu-tools-for-stm32.9-2020-q2-update.linux64_1.5.0.202011040924/tools/bin/../lib/gcc/arm-none-eabi/9.3.1/thumb/v7-m/nofp/libgcc.a
LOAD /home/furkan/st/stm32cubeide_1.6.1_2/plugins/com.st.stm32cube.ide.mcu.externaltools.gnu-tools-for-stm32.9-2020-q2-update.linux64_1.5.0.202011040924/tools/bin/../lib/gcc/arm-none-eabi/9.3.1/../../../../arm-none-eabi/lib/thumb/v7-m/nofp/libc_nano.a
END GROUP
START GROUP
LOAD /home/furkan/st/stm32cubeide_1.6.1_2/plugins/com.st.stm32cube.ide.mcu.externaltools.gnu-tools-for-stm32.9-2020-q2-update.linux64_1.5.0.202011040924/tools/bin/../lib/gcc/arm-none-eabi/9.3.1/thumb/v7-m/nofp/libgcc.a
LOAD /home/furkan/st/stm32cubeide_1.6.1_2/plugins/com.st.stm32cube.ide.mcu.externaltools.gnu-tools-for-stm32.9-2020-q2-update.linux64_1.5.0.202011040924/tools/bin/../lib/gcc/arm-none-eabi/9.3.1/../../../../arm-none-eabi/lib/thumb/v7-m/nofp/libc_nano.a
LOAD /home/furkan/st/stm32cubeide_1.6.1_2/plugins/com.st.stm32cube.ide.mcu.externaltools.gnu-tools-for-stm32.9-2020-q2-update.linux64_1.5.0.202011040924/tools/bin/../lib/gcc/arm-none-eabi/9.3.1/../../../../arm-none-eabi/lib/thumb/v7-m/nofp/libnosys.a
END GROUP
START GROUP
LOAD /home/furkan/st/stm32cubeide_1.6.1_2/plugins/com.st.stm32cube.ide.mcu.externaltools.gnu-tools-for-stm32.9-2020-q2-update.linux64_1.5.0.202011040924/tools/bin/../lib/gcc/arm-none-eabi/9.3.1/thumb/v7-m/nofp/libgcc.a
LOAD /home/furkan/st/stm32cubeide_1.6.1_2/plugins/com.st.stm32cube.ide.mcu.externaltools.gnu-tools-for-stm32.9-2020-q2-update.linux64_1.5.0.202011040924/tools/bin/../lib/gcc/arm-none-eabi/9.3.1/../../../../arm-none-eabi/lib/thumb/v7-m/nofp/libc_nano.a
LOAD /home/furkan/st/stm32cubeide_1.6.1_2/plugins/com.st.stm32cube.ide.mcu.externaltools.gnu-tools-for-stm32.9-2020-q2-update.linux64_1.5.0.202011040924/tools/bin/../lib/gcc/arm-none-eabi/9.3.1/../../../../arm-none-eabi/lib/thumb/v7-m/nofp/libnosys.a
END GROUP
LOAD /home/furkan/st/stm32cubeide_1.6.1_2/plugins/com.st.stm32cube.ide.mcu.externaltools.gnu-tools-for-stm32.9-2020-q2-update.linux64_1.5.0.202011040924/tools/bin/../lib/gcc/arm-none-eabi/9.3.1/thumb/v7-m/nofp/crtend.o
LOAD /home/furkan/st/stm32cubeide_1.6.1_2/plugins/com.st.stm32cube.ide.mcu.externaltools.gnu-tools-for-stm32.9-2020-q2-update.linux64_1.5.0.202011040924/tools/bin/../lib/gcc/arm-none-eabi/9.3.1/thumb/v7-m/nofp/crtn.o
                0x0000000020005000                _estack = (ORIGIN (RAM) + LENGTH (RAM))
                0x0000000000000200                _Min_Heap_Size = 0x200
                0x0000000000000400                _Min_Stack_Size = 0x400

.isr_vector     0x0000000008000000      0x10c
                0x0000000008000000                . = ALIGN (0x4)
 *(.isr_vector)
 .isr_vector    0x0000000008000000      0x10c Core/Startup/startup_stm32f103c8tx.o
                0x0000000008000000                g_pfnVectors
                0x000000000800010c                . = ALIGN (0x4)

.text           0x0000000008000110     0x70a0
                0x0000000008000110                . = ALIGN (0x4)
 *(.text)
 .text          0x0000000008000110       0x40 /home/furkan/st/stm32cubeide_1.6.1_2/plugins/com.st.stm32cube.ide.mcu.externaltools.gnu-tools-for-stm32.9-2020-q2-update.linux64_1.5.0.202011040924/tools/bin/../lib/gcc/arm-none-eabi/9.3.1/thumb/v7-m/nofp/crtbegin.o
 .text          0x0000000008000150      0x378 /home/furkan/st/stm32cubeide_1.6.1_2/plugins/com.st.stm32cube.ide.mcu.externaltools.gnu-tools-for-stm32.9-2020-q2-update.linux64_1.5.0.202011040924/tools/bin/../lib/gcc/arm-none-eabi/9.3.1/thumb/v7-m/nofp/libgcc.a(_arm_addsubdf3.o)
                0x0000000008000150                __aeabi_drsub
                0x0000000008000158                __aeabi_dsub
                0x0000000008000158                __subdf3
                0x000000000800015c                __adddf3
                0x000000000800015c                __aeabi_dadd
                0x00000000080003d4                __aeabi_ui2d
                0x00000000080003d4                __floatunsidf
                0x00000000080003f4                __floatsidf
                0x00000000080003f4                __aeabi_i2d
                0x0000000008000418                __extendsfdf2
                0x0000000008000418                __aeabi_f2d
                0x000000000800045c                __aeabi_ul2d
                0x000000000800045c                __floatundidf
                0x000000000800046c                __floatdidf
                0x000000000800046c                __aeabi_l2d
 .text          0x00000000080004c8      0x424 /home/furkan/st/stm32cubeide_1.6.1_2/plugins/com.st.stm32cube.ide.mcu.externaltools.gnu-tools-for-stm32.9-2020-q2-update.linux64_1.5.0.202011040924/tools/bin/../lib/gcc/arm-none-eabi/9.3.1/thumb/v7-m/nofp/libgcc.a(_arm_muldivdf3.o)
                0x00000000080004c8                __aeabi_dmul
                0x00000000080004c8                __muldf3
                0x000000000800071c                __aeabi_ddiv
                0x000000000800071c                __divdf3
 .text          0x00000000080008ec      0x110 /home/furkan/st/stm32cubeide_1.6.1_2/plugins/com.st.stm32cube.ide.mcu.externaltools.gnu-tools-for-stm32.9-2020-q2-update.linux64_1.5.0.202011040924/tools/bin/../lib/gcc/arm-none-eabi/9.3.1/thumb/v7-m/nofp/libgcc.a(_arm_cmpdf2.o)
                0x00000000080008ec                __gtdf2
                0x00000000080008ec                __gedf2
                0x00000000080008f4                __ltdf2
                0x00000000080008f4                __ledf2
                0x00000000080008fc                __cmpdf2
                0x00000000080008fc                __eqdf2
                0x00000000080008fc                __nedf2
                0x0000000008000978                __aeabi_cdrcmple
                0x0000000008000988                __aeabi_cdcmple
                0x0000000008000988                __aeabi_cdcmpeq
                0x0000000008000998                __aeabi_dcmpeq
                0x00000000080009ac                __aeabi_dcmplt
                0x00000000080009c0                __aeabi_dcmple
                0x00000000080009d4                __aeabi_dcmpge
                0x00000000080009e8                __aeabi_dcmpgt
 .text          0x00000000080009fc       0x2c /home/furkan/st/stm32cubeide_1.6.1_2/plugins/com.st.stm32cube.ide.mcu.externaltools.gnu-tools-for-stm32.9-2020-q2-update.linux64_1.5.0.202011040924/tools/bin/../lib/gcc/arm-none-eabi/9.3.1/thumb/v7-m/nofp/libgcc.a(_arm_unorddf2.o)
                0x00000000080009fc                __aeabi_dcmpun
                0x00000000080009fc                __unorddf2
 .text          0x0000000008000a28       0xa0 /home/furkan/st/stm32cubeide_1.6.1_2/plugins/com.st.stm32cube.ide.mcu.externaltools.gnu-tools-for-stm32.9-2020-q2-update.linux64_1.5.0.202011040924/tools/bin/../lib/gcc/arm-none-eabi/9.3.1/thumb/v7-m/nofp/libgcc.a(_arm_truncdfsf2.o)
                0x0000000008000a28                __aeabi_d2f
                0x0000000008000a28                __truncdfsf2
 .text          0x0000000008000ac8      0x21c /home/furkan/st/stm32cubeide_1.6.1_2/plugins/com.st.stm32cube.ide.mcu.externaltools.gnu-tools-for-stm32.9-2020-q2-update.linux64_1.5.0.202011040924/tools/bin/../lib/gcc/arm-none-eabi/9.3.1/thumb/v7-m/nofp/libgcc.a(_arm_addsubsf3.o)
                0x0000000008000ac8                __aeabi_frsub
                0x0000000008000ad0                __subsf3
                0x0000000008000ad0                __aeabi_fsub
                0x0000000008000ad4                __aeabi_fadd
                0x0000000008000ad4                __addsf3
                0x0000000008000c34                __aeabi_ui2f
                0x0000000008000c34                __floatunsisf
                0x0000000008000c3c                __aeabi_i2f
                0x0000000008000c3c                __floatsisf
                0x0000000008000c58                __floatundisf
                0x0000000008000c58                __aeabi_ul2f
                0x0000000008000c68                __floatdisf
                0x0000000008000c68                __aeabi_l2f
 .text          0x0000000008000ce4       0xec /home/furkan/st/stm32cubeide_1.6.1_2/plugins/com.st.stm32cube.ide.mcu.externaltools.gnu-tools-for-stm32.9-2020-q2-update.linux64_1.5.0.202011040924/tools/bin/../lib/gcc/arm-none-eabi/9.3.1/thumb/v7-m/nofp/libgcc.a(_arm_cmpsf2.o)
                0x0000000008000ce4                __gtsf2
                0x0000000008000ce4                __gesf2
                0x0000000008000cec                __lesf2
                0x0000000008000cec                __ltsf2
                0x0000000008000cf4                __nesf2
                0x0000000008000cf4                __eqsf2
                0x0000000008000cf4                __cmpsf2
                0x0000000008000d54                __aeabi_cfrcmple
                0x0000000008000d5c                __aeabi_cfcmple
                0x0000000008000d5c                __aeabi_cfcmpeq
                0x0000000008000d6c                __aeabi_fcmpeq
                0x0000000008000d80                __aeabi_fcmplt
                0x0000000008000d94                __aeabi_fcmple
                0x0000000008000da8                __aeabi_fcmpge
                0x0000000008000dbc                __aeabi_fcmpgt
 *(.text*)
 .text.vApplicationGetIdleTaskMemory
                0x0000000008000dd0       0x30 Core/Src/freertos.o
                0x0000000008000dd0                vApplicationGetIdleTaskMemory
 .text.MPU6050_Init
                0x0000000008000e00       0xac Core/Src/main.o
                0x0000000008000e00                MPU6050_Init
 .text.MPU6050_Read_Acc
                0x0000000008000eac       0xf8 Core/Src/main.o
                0x0000000008000eac                MPU6050_Read_Acc
 .text.accelometer_task_func
                0x0000000008000fa4       0xcc Core/Src/main.o
                0x0000000008000fa4                accelometer_task_func
 .text.bpm_task_func
                0x0000000008001070       0x20 Core/Src/main.o
                0x0000000008001070                bpm_task_func
 .text.display_task_func
                0x0000000008001090       0x6c Core/Src/main.o
                0x0000000008001090                display_task_func
 .text.main     0x00000000080010fc      0x180 Core/Src/main.o
                0x00000000080010fc                main
 .text.SystemClock_Config
                0x000000000800127c       0xa0 Core/Src/main.o
                0x000000000800127c                SystemClock_Config
 .text.MX_ADC2_Init
                0x000000000800131c       0x7c Core/Src/main.o
 .text.MX_I2C1_Init
                0x0000000008001398       0x5c Core/Src/main.o
 .text.MX_I2C2_Init
                0x00000000080013f4       0x5c Core/Src/main.o
 .text.MX_TIM3_Init
                0x0000000008001450       0x9c Core/Src/main.o
 .text.MX_GPIO_Init
                0x00000000080014ec       0x5c Core/Src/main.o
 .text.HAL_TIM_PeriodElapsedCallback
                0x0000000008001548      0x284 Core/Src/main.o
                0x0000000008001548                HAL_TIM_PeriodElapsedCallback
 .text.StartDefaultTask
                0x00000000080017cc       0x10 Core/Src/main.o
                0x00000000080017cc                StartDefaultTask
 .text.Error_Handler
                0x00000000080017dc        0xa Core/Src/main.o
                0x00000000080017dc                Error_Handler
 *fill*         0x00000000080017e6        0x2 
 .text.SSD1306_Init
                0x00000000080017e8      0x188 Core/Src/ssd1306.o
                0x00000000080017e8                SSD1306_Init
 .text.SSD1306_UpdateScreen
                0x0000000008001970       0x5c Core/Src/ssd1306.o
                0x0000000008001970                SSD1306_UpdateScreen
 .text.SSD1306_Fill
                0x00000000080019cc       0x30 Core/Src/ssd1306.o
                0x00000000080019cc                SSD1306_Fill
 .text.SSD1306_DrawPixel
                0x00000000080019fc       0xbc Core/Src/ssd1306.o
                0x00000000080019fc                SSD1306_DrawPixel
 .text.SSD1306_GotoXY
                0x0000000008001ab8       0x2c Core/Src/ssd1306.o
                0x0000000008001ab8                SSD1306_GotoXY
 .text.SSD1306_Putc
                0x0000000008001ae4      0x100 Core/Src/ssd1306.o
                0x0000000008001ae4                SSD1306_Putc
 .text.SSD1306_Puts
                0x0000000008001be4       0x4a Core/Src/ssd1306.o
                0x0000000008001be4                SSD1306_Puts
 *fill*         0x0000000008001c2e        0x2 
 .text.ssd1306_I2C_Init
                0x0000000008001c30       0x28 Core/Src/ssd1306.o
                0x0000000008001c30                ssd1306_I2C_Init
 .text.ssd1306_I2C_WriteMulti
                0x0000000008001c58       0x90 Core/Src/ssd1306.o
                0x0000000008001c58                ssd1306_I2C_WriteMulti
 .text.ssd1306_I2C_Write
                0x0000000008001ce8       0x3c Core/Src/ssd1306.o
                0x0000000008001ce8                ssd1306_I2C_Write
 .text.HAL_MspInit
                0x0000000008001d24       0x70 Core/Src/stm32f1xx_hal_msp.o
                0x0000000008001d24                HAL_MspInit
 .text.HAL_ADC_MspInit
                0x0000000008001d94       0x78 Core/Src/stm32f1xx_hal_msp.o
                0x0000000008001d94                HAL_ADC_MspInit
 .text.HAL_I2C_MspInit
                0x0000000008001e0c       0xd8 Core/Src/stm32f1xx_hal_msp.o
                0x0000000008001e0c                HAL_I2C_MspInit
 .text.HAL_TIM_Base_MspInit
                0x0000000008001ee4       0x4c Core/Src/stm32f1xx_hal_msp.o
                0x0000000008001ee4                HAL_TIM_Base_MspInit
 .text.NMI_Handler
                0x0000000008001f30        0x6 Core/Src/stm32f1xx_it.o
                0x0000000008001f30                NMI_Handler
 .text.HardFault_Handler
                0x0000000008001f36        0x6 Core/Src/stm32f1xx_it.o
                0x0000000008001f36                HardFault_Handler
 .text.MemManage_Handler
                0x0000000008001f3c        0x6 Core/Src/stm32f1xx_it.o
                0x0000000008001f3c                MemManage_Handler
 .text.BusFault_Handler
                0x0000000008001f42        0x6 Core/Src/stm32f1xx_it.o
                0x0000000008001f42                BusFault_Handler
 .text.UsageFault_Handler
                0x0000000008001f48        0x6 Core/Src/stm32f1xx_it.o
                0x0000000008001f48                UsageFault_Handler
 .text.DebugMon_Handler
                0x0000000008001f4e        0xc Core/Src/stm32f1xx_it.o
                0x0000000008001f4e                DebugMon_Handler
 .text.SysTick_Handler
                0x0000000008001f5a       0x1a Core/Src/stm32f1xx_it.o
                0x0000000008001f5a                SysTick_Handler
 .text.TIM3_IRQHandler
                0x0000000008001f74       0x14 Core/Src/stm32f1xx_it.o
                0x0000000008001f74                TIM3_IRQHandler
 .text._sbrk    0x0000000008001f88       0x6c Core/Src/sysmem.o
                0x0000000008001f88                _sbrk
 .text.SystemInit
                0x0000000008001ff4        0xc Core/Src/system_stm32f1xx.o
                0x0000000008001ff4                SystemInit
 .text.Reset_Handler
                0x0000000008002000       0x48 Core/Startup/startup_stm32f103c8tx.o
                0x0000000008002000                Reset_Handler
 .text.Default_Handler
                0x0000000008002048        0x2 Core/Startup/startup_stm32f103c8tx.o
                0x0000000008002048                RTC_Alarm_IRQHandler
                0x0000000008002048                EXTI2_IRQHandler
                0x0000000008002048                TIM1_CC_IRQHandler
                0x0000000008002048                PVD_IRQHandler
                0x0000000008002048                EXTI3_IRQHandler
                0x0000000008002048                EXTI0_IRQHandler
                0x0000000008002048                I2C2_EV_IRQHandler
                0x0000000008002048                ADC1_2_IRQHandler
                0x0000000008002048                SPI1_IRQHandler
                0x0000000008002048                TAMPER_IRQHandler
                0x0000000008002048                DMA1_Channel4_IRQHandler
                0x0000000008002048                USART3_IRQHandler
                0x0000000008002048                RTC_IRQHandler
                0x0000000008002048                DMA1_Channel7_IRQHandler
                0x0000000008002048                CAN1_RX1_IRQHandler
                0x0000000008002048                TIM4_IRQHandler
                0x0000000008002048                I2C1_EV_IRQHandler
                0x0000000008002048                DMA1_Channel6_IRQHandler
                0x0000000008002048                RCC_IRQHandler
                0x0000000008002048                TIM1_TRG_COM_IRQHandler
                0x0000000008002048                DMA1_Channel1_IRQHandler
                0x0000000008002048                Default_Handler
                0x0000000008002048                EXTI15_10_IRQHandler
                0x0000000008002048                EXTI9_5_IRQHandler
                0x0000000008002048                SPI2_IRQHandler
                0x0000000008002048                DMA1_Channel5_IRQHandler
                0x0000000008002048                EXTI4_IRQHandler
                0x0000000008002048                USB_LP_CAN1_RX0_IRQHandler
                0x0000000008002048                USB_HP_CAN1_TX_IRQHandler
                0x0000000008002048                DMA1_Channel3_IRQHandler
                0x0000000008002048                TIM1_UP_IRQHandler
                0x0000000008002048                WWDG_IRQHandler
                0x0000000008002048                TIM2_IRQHandler
                0x0000000008002048                TIM1_BRK_IRQHandler
                0x0000000008002048                EXTI1_IRQHandler
                0x0000000008002048                USART2_IRQHandler
                0x0000000008002048                I2C2_ER_IRQHandler
                0x0000000008002048                DMA1_Channel2_IRQHandler
                0x0000000008002048                CAN1_SCE_IRQHandler
                0x0000000008002048                FLASH_IRQHandler
                0x0000000008002048                USART1_IRQHandler
                0x0000000008002048                I2C1_ER_IRQHandler
                0x0000000008002048                USBWakeUp_IRQHandler
 *fill*         0x000000000800204a        0x2 
 .text.HAL_Init
                0x000000000800204c       0x2c Drivers/STM32F1xx_HAL_Driver/Src/stm32f1xx_hal.o
                0x000000000800204c                HAL_Init
 .text.HAL_InitTick
                0x0000000008002078       0x60 Drivers/STM32F1xx_HAL_Driver/Src/stm32f1xx_hal.o
                0x0000000008002078                HAL_InitTick
 .text.HAL_IncTick
                0x00000000080020d8       0x24 Drivers/STM32F1xx_HAL_Driver/Src/stm32f1xx_hal.o
                0x00000000080020d8                HAL_IncTick
 .text.HAL_GetTick
                0x00000000080020fc       0x14 Drivers/STM32F1xx_HAL_Driver/Src/stm32f1xx_hal.o
                0x00000000080020fc                HAL_GetTick
 .text.HAL_ADC_Init
                0x0000000008002110      0x1b0 Drivers/STM32F1xx_HAL_Driver/Src/stm32f1xx_hal_adc.o
                0x0000000008002110                HAL_ADC_Init
 .text.HAL_ADC_Start
                0x00000000080022c0      0x15c Drivers/STM32F1xx_HAL_Driver/Src/stm32f1xx_hal_adc.o
                0x00000000080022c0                HAL_ADC_Start
 .text.HAL_ADC_GetValue
                0x000000000800241c       0x18 Drivers/STM32F1xx_HAL_Driver/Src/stm32f1xx_hal_adc.o
                0x000000000800241c                HAL_ADC_GetValue
 .text.HAL_ADC_ConfigChannel
                0x0000000008002434      0x1f0 Drivers/STM32F1xx_HAL_Driver/Src/stm32f1xx_hal_adc.o
                0x0000000008002434                HAL_ADC_ConfigChannel
 .text.ADC_Enable
                0x0000000008002624       0xa4 Drivers/STM32F1xx_HAL_Driver/Src/stm32f1xx_hal_adc.o
                0x0000000008002624                ADC_Enable
 .text.ADC_ConversionStop_Disable
                0x00000000080026c8       0x74 Drivers/STM32F1xx_HAL_Driver/Src/stm32f1xx_hal_adc.o
                0x00000000080026c8                ADC_ConversionStop_Disable
 .text.__NVIC_SetPriorityGrouping
                0x000000000800273c       0x48 Drivers/STM32F1xx_HAL_Driver/Src/stm32f1xx_hal_cortex.o
 .text.__NVIC_GetPriorityGrouping
                0x0000000008002784       0x1c Drivers/STM32F1xx_HAL_Driver/Src/stm32f1xx_hal_cortex.o
 .text.__NVIC_EnableIRQ
                0x00000000080027a0       0x38 Drivers/STM32F1xx_HAL_Driver/Src/stm32f1xx_hal_cortex.o
 .text.__NVIC_SetPriority
                0x00000000080027d8       0x54 Drivers/STM32F1xx_HAL_Driver/Src/stm32f1xx_hal_cortex.o
 .text.NVIC_EncodePriority
                0x000000000800282c       0x64 Drivers/STM32F1xx_HAL_Driver/Src/stm32f1xx_hal_cortex.o
 .text.SysTick_Config
                0x0000000008002890       0x44 Drivers/STM32F1xx_HAL_Driver/Src/stm32f1xx_hal_cortex.o
 .text.HAL_NVIC_SetPriorityGrouping
                0x00000000080028d4       0x16 Drivers/STM32F1xx_HAL_Driver/Src/stm32f1xx_hal_cortex.o
                0x00000000080028d4                HAL_NVIC_SetPriorityGrouping
 .text.HAL_NVIC_SetPriority
                0x00000000080028ea       0x38 Drivers/STM32F1xx_HAL_Driver/Src/stm32f1xx_hal_cortex.o
                0x00000000080028ea                HAL_NVIC_SetPriority
 .text.HAL_NVIC_EnableIRQ
                0x0000000008002922       0x1c Drivers/STM32F1xx_HAL_Driver/Src/stm32f1xx_hal_cortex.o
                0x0000000008002922                HAL_NVIC_EnableIRQ
 .text.HAL_SYSTICK_Config
                0x000000000800293e       0x18 Drivers/STM32F1xx_HAL_Driver/Src/stm32f1xx_hal_cortex.o
                0x000000000800293e                HAL_SYSTICK_Config
 *fill*         0x0000000008002956        0x2 
 .text.HAL_GPIO_Init
                0x0000000008002958      0x308 Drivers/STM32F1xx_HAL_Driver/Src/stm32f1xx_hal_gpio.o
                0x0000000008002958                HAL_GPIO_Init
 .text.HAL_I2C_Init
                0x0000000008002c60      0x288 Drivers/STM32F1xx_HAL_Driver/Src/stm32f1xx_hal_i2c.o
                0x0000000008002c60                HAL_I2C_Init
 .text.HAL_I2C_Master_Transmit
                0x0000000008002ee8      0x1fc Drivers/STM32F1xx_HAL_Driver/Src/stm32f1xx_hal_i2c.o
                0x0000000008002ee8                HAL_I2C_Master_Transmit
 .text.HAL_I2C_Mem_Write
                0x00000000080030e4      0x1f4 Drivers/STM32F1xx_HAL_Driver/Src/stm32f1xx_hal_i2c.o
                0x00000000080030e4                HAL_I2C_Mem_Write
 .text.HAL_I2C_Mem_Read
                0x00000000080032d8      0x4d0 Drivers/STM32F1xx_HAL_Driver/Src/stm32f1xx_hal_i2c.o
                0x00000000080032d8                HAL_I2C_Mem_Read
 .text.HAL_I2C_IsDeviceReady
                0x00000000080037a8      0x25c Drivers/STM32F1xx_HAL_Driver/Src/stm32f1xx_hal_i2c.o
                0x00000000080037a8                HAL_I2C_IsDeviceReady
 .text.I2C_MasterRequestWrite
                0x0000000008003a04      0x104 Drivers/STM32F1xx_HAL_Driver/Src/stm32f1xx_hal_i2c.o
 .text.I2C_RequestMemoryWrite
                0x0000000008003b08      0x12c Drivers/STM32F1xx_HAL_Driver/Src/stm32f1xx_hal_i2c.o
 .text.I2C_RequestMemoryRead
                0x0000000008003c34      0x1d0 Drivers/STM32F1xx_HAL_Driver/Src/stm32f1xx_hal_i2c.o
 .text.I2C_WaitOnFlagUntilTimeout
                0x0000000008003e04       0xae Drivers/STM32F1xx_HAL_Driver/Src/stm32f1xx_hal_i2c.o
 .text.I2C_WaitOnMasterAddressFlagUntilTimeout
                0x0000000008003eb2       0xfe Drivers/STM32F1xx_HAL_Driver/Src/stm32f1xx_hal_i2c.o
 .text.I2C_WaitOnTXEFlagUntilTimeout
                0x0000000008003fb0       0x82 Drivers/STM32F1xx_HAL_Driver/Src/stm32f1xx_hal_i2c.o
 .text.I2C_WaitOnBTFFlagUntilTimeout
                0x0000000008004032       0x82 Drivers/STM32F1xx_HAL_Driver/Src/stm32f1xx_hal_i2c.o
 .text.I2C_WaitOnRXNEFlagUntilTimeout
                0x00000000080040b4       0xac Drivers/STM32F1xx_HAL_Driver/Src/stm32f1xx_hal_i2c.o
 .text.I2C_IsAcknowledgeFailed
                0x0000000008004160       0x5c Drivers/STM32F1xx_HAL_Driver/Src/stm32f1xx_hal_i2c.o
 .text.HAL_RCC_OscConfig
                0x00000000080041bc      0x500 Drivers/STM32F1xx_HAL_Driver/Src/stm32f1xx_hal_rcc.o
                0x00000000080041bc                HAL_RCC_OscConfig
 .text.HAL_RCC_ClockConfig
                0x00000000080046bc      0x1d4 Drivers/STM32F1xx_HAL_Driver/Src/stm32f1xx_hal_rcc.o
                0x00000000080046bc                HAL_RCC_ClockConfig
 .text.HAL_RCC_GetSysClockFreq
                0x0000000008004890       0xc0 Drivers/STM32F1xx_HAL_Driver/Src/stm32f1xx_hal_rcc.o
                0x0000000008004890                HAL_RCC_GetSysClockFreq
 .text.HAL_RCC_GetHCLKFreq
                0x0000000008004950       0x14 Drivers/STM32F1xx_HAL_Driver/Src/stm32f1xx_hal_rcc.o
                0x0000000008004950                HAL_RCC_GetHCLKFreq
 .text.HAL_RCC_GetPCLK1Freq
                0x0000000008004964       0x28 Drivers/STM32F1xx_HAL_Driver/Src/stm32f1xx_hal_rcc.o
                0x0000000008004964                HAL_RCC_GetPCLK1Freq
 .text.RCC_Delay
                0x000000000800498c       0x3c Drivers/STM32F1xx_HAL_Driver/Src/stm32f1xx_hal_rcc.o
 .text.HAL_RCCEx_PeriphCLKConfig
                0x00000000080049c8      0x16c Drivers/STM32F1xx_HAL_Driver/Src/stm32f1xx_hal_rcc_ex.o
                0x00000000080049c8                HAL_RCCEx_PeriphCLKConfig
 .text.HAL_TIM_Base_Init
                0x0000000008004b34       0x9e Drivers/STM32F1xx_HAL_Driver/Src/stm32f1xx_hal_tim.o
                0x0000000008004b34                HAL_TIM_Base_Init
 *fill*         0x0000000008004bd2        0x2 
 .text.HAL_TIM_Base_Start_IT
                0x0000000008004bd4       0xa4 Drivers/STM32F1xx_HAL_Driver/Src/stm32f1xx_hal_tim.o
                0x0000000008004bd4                HAL_TIM_Base_Start_IT
 .text.HAL_TIM_IRQHandler
                0x0000000008004c78      0x210 Drivers/STM32F1xx_HAL_Driver/Src/stm32f1xx_hal_tim.o
                0x0000000008004c78                HAL_TIM_IRQHandler
 .text.HAL_TIM_ConfigClockSource
                0x0000000008004e88      0x188 Drivers/STM32F1xx_HAL_Driver/Src/stm32f1xx_hal_tim.o
                0x0000000008004e88                HAL_TIM_ConfigClockSource
 .text.HAL_TIM_OC_DelayElapsedCallback
                0x0000000008005010       0x12 Drivers/STM32F1xx_HAL_Driver/Src/stm32f1xx_hal_tim.o
                0x0000000008005010                HAL_TIM_OC_DelayElapsedCallback
 .text.HAL_TIM_IC_CaptureCallback
                0x0000000008005022       0x12 Drivers/STM32F1xx_HAL_Driver/Src/stm32f1xx_hal_tim.o
                0x0000000008005022                HAL_TIM_IC_CaptureCallback
 .text.HAL_TIM_PWM_PulseFinishedCallback
                0x0000000008005034       0x12 Drivers/STM32F1xx_HAL_Driver/Src/stm32f1xx_hal_tim.o
                0x0000000008005034                HAL_TIM_PWM_PulseFinishedCallback
 .text.HAL_TIM_TriggerCallback
                0x0000000008005046       0x12 Drivers/STM32F1xx_HAL_Driver/Src/stm32f1xx_hal_tim.o
                0x0000000008005046                HAL_TIM_TriggerCallback
 .text.TIM_Base_SetConfig
                0x0000000008005058       0xc4 Drivers/STM32F1xx_HAL_Driver/Src/stm32f1xx_hal_tim.o
                0x0000000008005058                TIM_Base_SetConfig
 .text.TIM_TI1_ConfigInputStage
                0x000000000800511c       0x5c Drivers/STM32F1xx_HAL_Driver/Src/stm32f1xx_hal_tim.o
 .text.TIM_TI2_ConfigInputStage
                0x0000000008005178       0x5e Drivers/STM32F1xx_HAL_Driver/Src/stm32f1xx_hal_tim.o
 .text.TIM_ITRx_SetConfig
                0x00000000080051d6       0x34 Drivers/STM32F1xx_HAL_Driver/Src/stm32f1xx_hal_tim.o
 .text.TIM_ETR_SetConfig
                0x000000000800520a       0x3e Drivers/STM32F1xx_HAL_Driver/Src/stm32f1xx_hal_tim.o
                0x000000000800520a                TIM_ETR_SetConfig
 .text.HAL_TIMEx_MasterConfigSynchronization
                0x0000000008005248       0xbc Drivers/STM32F1xx_HAL_Driver/Src/stm32f1xx_hal_tim_ex.o
                0x0000000008005248                HAL_TIMEx_MasterConfigSynchronization
 .text.HAL_TIMEx_CommutCallback
                0x0000000008005304       0x12 Drivers/STM32F1xx_HAL_Driver/Src/stm32f1xx_hal_tim_ex.o
                0x0000000008005304                HAL_TIMEx_CommutCallback
 .text.HAL_TIMEx_BreakCallback
                0x0000000008005316       0x12 Drivers/STM32F1xx_HAL_Driver/Src/stm32f1xx_hal_tim_ex.o
                0x0000000008005316                HAL_TIMEx_BreakCallback
 .text.makeFreeRtosPriority
                0x0000000008005328       0x2e Middlewares/Third_Party/FreeRTOS/Source/CMSIS_RTOS/cmsis_os.o
 .text.osKernelStart
                0x0000000008005356        0xe Middlewares/Third_Party/FreeRTOS/Source/CMSIS_RTOS/cmsis_os.o
                0x0000000008005356                osKernelStart
 .text.osThreadCreate
                0x0000000008005364       0x98 Middlewares/Third_Party/FreeRTOS/Source/CMSIS_RTOS/cmsis_os.o
                0x0000000008005364                osThreadCreate
 .text.osDelay  0x00000000080053fc       0x28 Middlewares/Third_Party/FreeRTOS/Source/CMSIS_RTOS/cmsis_os.o
                0x00000000080053fc                osDelay
 .text.vListInitialise
                0x0000000008005424       0x3e Middlewares/Third_Party/FreeRTOS/Source/list.o
                0x0000000008005424                vListInitialise
 .text.vListInitialiseItem
                0x0000000008005462       0x18 Middlewares/Third_Party/FreeRTOS/Source/list.o
                0x0000000008005462                vListInitialiseItem
 .text.vListInsertEnd
                0x000000000800547a       0x46 Middlewares/Third_Party/FreeRTOS/Source/list.o
                0x000000000800547a                vListInsertEnd
 .text.vListInsert
                0x00000000080054c0       0x70 Middlewares/Third_Party/FreeRTOS/Source/list.o
                0x00000000080054c0                vListInsert
 .text.uxListRemove
                0x0000000008005530       0x52 Middlewares/Third_Party/FreeRTOS/Source/list.o
                0x0000000008005530                uxListRemove
 .text.xTaskCreateStatic
                0x0000000008005582       0xb8 Middlewares/Third_Party/FreeRTOS/Source/tasks.o
                0x0000000008005582                xTaskCreateStatic
 .text.xTaskCreate
                0x000000000800563a       0x8a Middlewares/Third_Party/FreeRTOS/Source/tasks.o
                0x000000000800563a                xTaskCreate
 .text.prvInitialiseNewTask
                0x00000000080056c4       0xfe Middlewares/Third_Party/FreeRTOS/Source/tasks.o
 *fill*         0x00000000080057c2        0x2 
 .text.prvAddNewTaskToReadyList
                0x00000000080057c4       0xd4 Middlewares/Third_Party/FreeRTOS/Source/tasks.o
 .text.vTaskDelay
                0x0000000008005898       0x68 Middlewares/Third_Party/FreeRTOS/Source/tasks.o
                0x0000000008005898                vTaskDelay
 .text.vTaskStartScheduler
                0x0000000008005900       0xc0 Middlewares/Third_Party/FreeRTOS/Source/tasks.o
                0x0000000008005900                vTaskStartScheduler
 .text.vTaskSuspendAll
                0x00000000080059c0       0x1c Middlewares/Third_Party/FreeRTOS/Source/tasks.o
                0x00000000080059c0                vTaskSuspendAll
 .text.xTaskResumeAll
                0x00000000080059dc      0x138 Middlewares/Third_Party/FreeRTOS/Source/tasks.o
                0x00000000080059dc                xTaskResumeAll
 .text.xTaskIncrementTick
                0x0000000008005b14      0x17c Middlewares/Third_Party/FreeRTOS/Source/tasks.o
                0x0000000008005b14                xTaskIncrementTick
 .text.vTaskSwitchContext
                0x0000000008005c90       0xb4 Middlewares/Third_Party/FreeRTOS/Source/tasks.o
                0x0000000008005c90                vTaskSwitchContext
 .text.prvIdleTask
                0x0000000008005d44       0x30 Middlewares/Third_Party/FreeRTOS/Source/tasks.o
 .text.prvInitialiseTaskLists
                0x0000000008005d74       0x80 Middlewares/Third_Party/FreeRTOS/Source/tasks.o
 .text.prvCheckTasksWaitingTermination
                0x0000000008005df4       0x5c Middlewares/Third_Party/FreeRTOS/Source/tasks.o
 .text.prvDeleteTCB
                0x0000000008005e50       0x5e Middlewares/Third_Party/FreeRTOS/Source/tasks.o
 *fill*         0x0000000008005eae        0x2 
 .text.prvResetNextTaskUnblockTime
                0x0000000008005eb0       0x48 Middlewares/Third_Party/FreeRTOS/Source/tasks.o
 .text.xTaskGetSchedulerState
                0x0000000008005ef8       0x3c Middlewares/Third_Party/FreeRTOS/Source/tasks.o
                0x0000000008005ef8                xTaskGetSchedulerState
 .text.prvAddCurrentTaskToDelayedList
                0x0000000008005f34       0xcc Middlewares/Third_Party/FreeRTOS/Source/tasks.o
 .text.pxPortInitialiseStack
                0x0000000008006000       0x58 Middlewares/Third_Party/FreeRTOS/Source/portable/GCC/ARM_CM3/port.o
                0x0000000008006000                pxPortInitialiseStack
 .text.prvTaskExitError
                0x0000000008006058       0x58 Middlewares/Third_Party/FreeRTOS/Source/portable/GCC/ARM_CM3/port.o
 .text.SVC_Handler
                0x00000000080060b0       0x28 Middlewares/Third_Party/FreeRTOS/Source/portable/GCC/ARM_CM3/port.o
                0x00000000080060b0                SVC_Handler
 .text.prvPortStartFirstTask
                0x00000000080060d8       0x20 Middlewares/Third_Party/FreeRTOS/Source/portable/GCC/ARM_CM3/port.o
 .text.xPortStartScheduler
                0x00000000080060f8       0xe4 Middlewares/Third_Party/FreeRTOS/Source/portable/GCC/ARM_CM3/port.o
                0x00000000080060f8                xPortStartScheduler
 .text.vPortEnterCritical
                0x00000000080061dc       0x60 Middlewares/Third_Party/FreeRTOS/Source/portable/GCC/ARM_CM3/port.o
                0x00000000080061dc                vPortEnterCritical
 .text.vPortExitCritical
                0x000000000800623c       0x50 Middlewares/Third_Party/FreeRTOS/Source/portable/GCC/ARM_CM3/port.o
                0x000000000800623c                vPortExitCritical
 *fill*         0x000000000800628c        0x4 
 .text.PendSV_Handler
                0x0000000008006290       0x48 Middlewares/Third_Party/FreeRTOS/Source/portable/GCC/ARM_CM3/port.o
                0x0000000008006290                PendSV_Handler
 .text.xPortSysTickHandler
                0x00000000080062d8       0x44 Middlewares/Third_Party/FreeRTOS/Source/portable/GCC/ARM_CM3/port.o
                0x00000000080062d8                xPortSysTickHandler
 .text.vPortSetupTimerInterrupt
                0x000000000800631c       0x44 Middlewares/Third_Party/FreeRTOS/Source/portable/GCC/ARM_CM3/port.o
                0x000000000800631c                vPortSetupTimerInterrupt
 .text.pvPortMalloc
                0x0000000008006360      0x188 Middlewares/Third_Party/FreeRTOS/Source/portable/MemMang/heap_4.o
                0x0000000008006360                pvPortMalloc
 .text.vPortFree
                0x00000000080064e8       0xb4 Middlewares/Third_Party/FreeRTOS/Source/portable/MemMang/heap_4.o
                0x00000000080064e8                vPortFree
 .text.prvHeapInit
                0x000000000800659c       0xc4 Middlewares/Third_Party/FreeRTOS/Source/portable/MemMang/heap_4.o
 .text.prvInsertBlockIntoFreeList
                0x0000000008006660       0xb0 Middlewares/Third_Party/FreeRTOS/Source/portable/MemMang/heap_4.o
 .text.__errno  0x0000000008006710        0xc /home/furkan/st/stm32cubeide_1.6.1_2/plugins/com.st.stm32cube.ide.mcu.externaltools.gnu-tools-for-stm32.9-2020-q2-update.linux64_1.5.0.202011040924/tools/bin/../lib/gcc/arm-none-eabi/9.3.1/../../../../arm-none-eabi/lib/thumb/v7-m/nofp/libc_nano.a(lib_a-errno.o)
                0x0000000008006710                __errno
 .text.__libc_init_array
                0x000000000800671c       0x48 /home/furkan/st/stm32cubeide_1.6.1_2/plugins/com.st.stm32cube.ide.mcu.externaltools.gnu-tools-for-stm32.9-2020-q2-update.linux64_1.5.0.202011040924/tools/bin/../lib/gcc/arm-none-eabi/9.3.1/../../../../arm-none-eabi/lib/thumb/v7-m/nofp/libc_nano.a(lib_a-init.o)
                0x000000000800671c                __libc_init_array
 .text.memcpy   0x0000000008006764       0x1c /home/furkan/st/stm32cubeide_1.6.1_2/plugins/com.st.stm32cube.ide.mcu.externaltools.gnu-tools-for-stm32.9-2020-q2-update.linux64_1.5.0.202011040924/tools/bin/../lib/gcc/arm-none-eabi/9.3.1/../../../../arm-none-eabi/lib/thumb/v7-m/nofp/libc_nano.a(lib_a-memcpy-stub.o)
                0x0000000008006764                memcpy
 .text.memset   0x0000000008006780       0x10 /home/furkan/st/stm32cubeide_1.6.1_2/plugins/com.st.stm32cube.ide.mcu.externaltools.gnu-tools-for-stm32.9-2020-q2-update.linux64_1.5.0.202011040924/tools/bin/../lib/gcc/arm-none-eabi/9.3.1/../../../../arm-none-eabi/lib/thumb/v7-m/nofp/libc_nano.a(lib_a-memset.o)
                0x0000000008006780                memset
 .text.sprintf  0x0000000008006790       0x40 /home/furkan/st/stm32cubeide_1.6.1_2/plugins/com.st.stm32cube.ide.mcu.externaltools.gnu-tools-for-stm32.9-2020-q2-update.linux64_1.5.0.202011040924/tools/bin/../lib/gcc/arm-none-eabi/9.3.1/../../../../arm-none-eabi/lib/thumb/v7-m/nofp/libc_nano.a(lib_a-sprintf.o)
                0x0000000008006790                sprintf
                0x0000000008006790                siprintf
 .text.__ssputs_r
                0x00000000080067d0       0xb6 /home/furkan/st/stm32cubeide_1.6.1_2/plugins/com.st.stm32cube.ide.mcu.externaltools.gnu-tools-for-stm32.9-2020-q2-update.linux64_1.5.0.202011040924/tools/bin/../lib/gcc/arm-none-eabi/9.3.1/../../../../arm-none-eabi/lib/thumb/v7-m/nofp/libc_nano.a(lib_a-nano-svfprintf.o)
                0x00000000080067d0                __ssputs_r
 *fill*         0x0000000008006886        0x2 
 .text._svfprintf_r
                0x0000000008006888      0x200 /home/furkan/st/stm32cubeide_1.6.1_2/plugins/com.st.stm32cube.ide.mcu.externaltools.gnu-tools-for-stm32.9-2020-q2-update.linux64_1.5.0.202011040924/tools/bin/../lib/gcc/arm-none-eabi/9.3.1/../../../../arm-none-eabi/lib/thumb/v7-m/nofp/libc_nano.a(lib_a-nano-svfprintf.o)
                0x0000000008006888                _svfprintf_r
                0x0000000008006888                _svfiprintf_r
 .text._printf_common
                0x0000000008006a88       0xde /home/furkan/st/stm32cubeide_1.6.1_2/plugins/com.st.stm32cube.ide.mcu.externaltools.gnu-tools-for-stm32.9-2020-q2-update.linux64_1.5.0.202011040924/tools/bin/../lib/gcc/arm-none-eabi/9.3.1/../../../../arm-none-eabi/lib/thumb/v7-m/nofp/libc_nano.a(lib_a-nano-vfprintf_i.o)
                0x0000000008006a88                _printf_common
 *fill*         0x0000000008006b66        0x2 
 .text._printf_i
                0x0000000008006b68      0x24c /home/furkan/st/stm32cubeide_1.6.1_2/plugins/com.st.stm32cube.ide.mcu.externaltools.gnu-tools-for-stm32.9-2020-q2-update.linux64_1.5.0.202011040924/tools/bin/../lib/gcc/arm-none-eabi/9.3.1/../../../../arm-none-eabi/lib/thumb/v7-m/nofp/libc_nano.a(lib_a-nano-vfprintf_i.o)
                0x0000000008006b68                _printf_i
 .text.memchr   0x0000000008006db4       0x1c /home/furkan/st/stm32cubeide_1.6.1_2/plugins/com.st.stm32cube.ide.mcu.externaltools.gnu-tools-for-stm32.9-2020-q2-update.linux64_1.5.0.202011040924/tools/bin/../lib/gcc/arm-none-eabi/9.3.1/../../../../arm-none-eabi/lib/thumb/v7-m/nofp/libc_nano.a(lib_a-memchr-stub.o)
                0x0000000008006db4                memchr
 .text.memmove  0x0000000008006dd0       0x34 /home/furkan/st/stm32cubeide_1.6.1_2/plugins/com.st.stm32cube.ide.mcu.externaltools.gnu-tools-for-stm32.9-2020-q2-update.linux64_1.5.0.202011040924/tools/bin/../lib/gcc/arm-none-eabi/9.3.1/../../../../arm-none-eabi/lib/thumb/v7-m/nofp/libc_nano.a(lib_a-memmove.o)
                0x0000000008006dd0                memmove
 .text._free_r  0x0000000008006e04       0x98 /home/furkan/st/stm32cubeide_1.6.1_2/plugins/com.st.stm32cube.ide.mcu.externaltools.gnu-tools-for-stm32.9-2020-q2-update.linux64_1.5.0.202011040924/tools/bin/../lib/gcc/arm-none-eabi/9.3.1/../../../../arm-none-eabi/lib/thumb/v7-m/nofp/libc_nano.a(lib_a-nano-freer.o)
                0x0000000008006e04                _free_r
 .text._malloc_r
                0x0000000008006e9c       0xb4 /home/furkan/st/stm32cubeide_1.6.1_2/plugins/com.st.stm32cube.ide.mcu.externaltools.gnu-tools-for-stm32.9-2020-q2-update.linux64_1.5.0.202011040924/tools/bin/../lib/gcc/arm-none-eabi/9.3.1/../../../../arm-none-eabi/lib/thumb/v7-m/nofp/libc_nano.a(lib_a-nano-mallocr.o)
                0x0000000008006e9c                _malloc_r
 .text._realloc_r
                0x0000000008006f50       0x4c /home/furkan/st/stm32cubeide_1.6.1_2/plugins/com.st.stm32cube.ide.mcu.externaltools.gnu-tools-for-stm32.9-2020-q2-update.linux64_1.5.0.202011040924/tools/bin/../lib/gcc/arm-none-eabi/9.3.1/../../../../arm-none-eabi/lib/thumb/v7-m/nofp/libc_nano.a(lib_a-nano-reallocr.o)
                0x0000000008006f50                _realloc_r
 .text._sbrk_r  0x0000000008006f9c       0x20 /home/furkan/st/stm32cubeide_1.6.1_2/plugins/com.st.stm32cube.ide.mcu.externaltools.gnu-tools-for-stm32.9-2020-q2-update.linux64_1.5.0.202011040924/tools/bin/../lib/gcc/arm-none-eabi/9.3.1/../../../../arm-none-eabi/lib/thumb/v7-m/nofp/libc_nano.a(lib_a-sbrkr.o)
                0x0000000008006f9c                _sbrk_r
 .text.__malloc_lock
                0x0000000008006fbc        0xc /home/furkan/st/stm32cubeide_1.6.1_2/plugins/com.st.stm32cube.ide.mcu.externaltools.gnu-tools-for-stm32.9-2020-q2-update.linux64_1.5.0.202011040924/tools/bin/../lib/gcc/arm-none-eabi/9.3.1/../../../../arm-none-eabi/lib/thumb/v7-m/nofp/libc_nano.a(lib_a-mlock.o)
                0x0000000008006fbc                __malloc_lock
 .text.__malloc_unlock
                0x0000000008006fc8        0xc /home/furkan/st/stm32cubeide_1.6.1_2/plugins/com.st.stm32cube.ide.mcu.externaltools.gnu-tools-for-stm32.9-2020-q2-update.linux64_1.5.0.202011040924/tools/bin/../lib/gcc/arm-none-eabi/9.3.1/../../../../arm-none-eabi/lib/thumb/v7-m/nofp/libc_nano.a(lib_a-mlock.o)
                0x0000000008006fc8                __malloc_unlock
 .text._malloc_usable_size_r
                0x0000000008006fd4       0x10 /home/furkan/st/stm32cubeide_1.6.1_2/plugins/com.st.stm32cube.ide.mcu.externaltools.gnu-tools-for-stm32.9-2020-q2-update.linux64_1.5.0.202011040924/tools/bin/../lib/gcc/arm-none-eabi/9.3.1/../../../../arm-none-eabi/lib/thumb/v7-m/nofp/libc_nano.a(lib_a-nano-msizer.o)
                0x0000000008006fd4                _malloc_usable_size_r
 .text.__retarget_lock_acquire_recursive
                0x0000000008006fe4        0x2 /home/furkan/st/stm32cubeide_1.6.1_2/plugins/com.st.stm32cube.ide.mcu.externaltools.gnu-tools-for-stm32.9-2020-q2-update.linux64_1.5.0.202011040924/tools/bin/../lib/gcc/arm-none-eabi/9.3.1/../../../../arm-none-eabi/lib/thumb/v7-m/nofp/libc_nano.a(lib_a-lock.o)
                0x0000000008006fe4                __retarget_lock_acquire_recursive
 .text.__retarget_lock_release_recursive
                0x0000000008006fe6        0x2 /home/furkan/st/stm32cubeide_1.6.1_2/plugins/com.st.stm32cube.ide.mcu.externaltools.gnu-tools-for-stm32.9-2020-q2-update.linux64_1.5.0.202011040924/tools/bin/../lib/gcc/arm-none-eabi/9.3.1/../../../../arm-none-eabi/lib/thumb/v7-m/nofp/libc_nano.a(lib_a-lock.o)
                0x0000000008006fe6                __retarget_lock_release_recursive
 .text.sqrt     0x0000000008006fe8       0x58 /home/furkan/st/stm32cubeide_1.6.1_2/plugins/com.st.stm32cube.ide.mcu.externaltools.gnu-tools-for-stm32.9-2020-q2-update.linux64_1.5.0.202011040924/tools/bin/../lib/gcc/arm-none-eabi/9.3.1/../../../../arm-none-eabi/lib/thumb/v7-m/nofp/libm.a(lib_a-w_sqrt.o)
                0x0000000008006fe8                sqrt
 .text.__ieee754_sqrt
                0x0000000008007040      0x158 /home/furkan/st/stm32cubeide_1.6.1_2/plugins/com.st.stm32cube.ide.mcu.externaltools.gnu-tools-for-stm32.9-2020-q2-update.linux64_1.5.0.202011040924/tools/bin/../lib/gcc/arm-none-eabi/9.3.1/../../../../arm-none-eabi/lib/thumb/v7-m/nofp/libm.a(lib_a-e_sqrt.o)
                0x0000000008007040                __ieee754_sqrt
 *(.glue_7)
 .glue_7        0x0000000008007198        0x0 linker stubs
 *(.glue_7t)
 .glue_7t       0x0000000008007198        0x0 linker stubs
 *(.eh_frame)
 .eh_frame      0x0000000008007198        0x0 /home/furkan/st/stm32cubeide_1.6.1_2/plugins/com.st.stm32cube.ide.mcu.externaltools.gnu-tools-for-stm32.9-2020-q2-update.linux64_1.5.0.202011040924/tools/bin/../lib/gcc/arm-none-eabi/9.3.1/thumb/v7-m/nofp/crtbegin.o
 *(.init)
 .init          0x0000000008007198        0x4 /home/furkan/st/stm32cubeide_1.6.1_2/plugins/com.st.stm32cube.ide.mcu.externaltools.gnu-tools-for-stm32.9-2020-q2-update.linux64_1.5.0.202011040924/tools/bin/../lib/gcc/arm-none-eabi/9.3.1/thumb/v7-m/nofp/crti.o
                0x0000000008007198                _init
 .init          0x000000000800719c        0x8 /home/furkan/st/stm32cubeide_1.6.1_2/plugins/com.st.stm32cube.ide.mcu.externaltools.gnu-tools-for-stm32.9-2020-q2-update.linux64_1.5.0.202011040924/tools/bin/../lib/gcc/arm-none-eabi/9.3.1/thumb/v7-m/nofp/crtn.o
 *(.fini)
 .fini          0x00000000080071a4        0x4 /home/furkan/st/stm32cubeide_1.6.1_2/plugins/com.st.stm32cube.ide.mcu.externaltools.gnu-tools-for-stm32.9-2020-q2-update.linux64_1.5.0.202011040924/tools/bin/../lib/gcc/arm-none-eabi/9.3.1/thumb/v7-m/nofp/crti.o
                0x00000000080071a4                _fini
 .fini          0x00000000080071a8        0x8 /home/furkan/st/stm32cubeide_1.6.1_2/plugins/com.st.stm32cube.ide.mcu.externaltools.gnu-tools-for-stm32.9-2020-q2-update.linux64_1.5.0.202011040924/tools/bin/../lib/gcc/arm-none-eabi/9.3.1/thumb/v7-m/nofp/crtn.o
                0x00000000080071b0                . = ALIGN (0x4)
                0x00000000080071b0                _etext = .

.vfp11_veneer   0x00000000080071b0        0x0
 .vfp11_veneer  0x00000000080071b0        0x0 linker stubs

.v4_bx          0x00000000080071b0        0x0
 .v4_bx         0x00000000080071b0        0x0 linker stubs

.iplt           0x00000000080071b0        0x0
 .iplt          0x00000000080071b0        0x0 /home/furkan/st/stm32cubeide_1.6.1_2/plugins/com.st.stm32cube.ide.mcu.externaltools.gnu-tools-for-stm32.9-2020-q2-update.linux64_1.5.0.202011040924/tools/bin/../lib/gcc/arm-none-eabi/9.3.1/thumb/v7-m/nofp/crtbegin.o

.rodata         0x00000000080071b0      0xe74
                0x00000000080071b0                . = ALIGN (0x4)
 *(.rodata)
 .rodata        0x00000000080071b0       0xb4 Core/Src/main.o
 .rodata        0x0000000008007264       0x10 Drivers/STM32F1xx_HAL_Driver/Src/stm32f1xx_hal_rcc.o
 .rodata        0x0000000008007274        0x5 Middlewares/Third_Party/FreeRTOS/Source/tasks.o
 *(.rodata*)
 *fill*         0x0000000008007279        0x3 
 .rodata.Font11x18
                0x000000000800727c      0xd5c Core/Src/fonts.o
                0x000000000800727c                Font11x18
 .rodata.AHBPrescTable
                0x0000000008007fd8       0x10 Core/Src/system_stm32f1xx.o
                0x0000000008007fd8                AHBPrescTable
 .rodata.APBPrescTable
                0x0000000008007fe8        0x8 Core/Src/system_stm32f1xx.o
                0x0000000008007fe8                APBPrescTable
 .rodata._svfprintf_r.str1.1
                0x0000000008007ff0       0x11 /home/furkan/st/stm32cubeide_1.6.1_2/plugins/com.st.stm32cube.ide.mcu.externaltools.gnu-tools-for-stm32.9-2020-q2-update.linux64_1.5.0.202011040924/tools/bin/../lib/gcc/arm-none-eabi/9.3.1/../../../../arm-none-eabi/lib/thumb/v7-m/nofp/libc_nano.a(lib_a-nano-svfprintf.o)
 .rodata._printf_i.str1.1
                0x0000000008008001       0x22 /home/furkan/st/stm32cubeide_1.6.1_2/plugins/com.st.stm32cube.ide.mcu.externaltools.gnu-tools-for-stm32.9-2020-q2-update.linux64_1.5.0.202011040924/tools/bin/../lib/gcc/arm-none-eabi/9.3.1/../../../../arm-none-eabi/lib/thumb/v7-m/nofp/libc_nano.a(lib_a-nano-vfprintf_i.o)
                0x0000000008008024                . = ALIGN (0x4)
 *fill*         0x0000000008008023        0x1 

.rel.dyn        0x0000000008008024        0x0
 .rel.iplt      0x0000000008008024        0x0 /home/furkan/st/stm32cubeide_1.6.1_2/plugins/com.st.stm32cube.ide.mcu.externaltools.gnu-tools-for-stm32.9-2020-q2-update.linux64_1.5.0.202011040924/tools/bin/../lib/gcc/arm-none-eabi/9.3.1/thumb/v7-m/nofp/crtbegin.o

.ARM.extab      0x0000000008008024        0x0
                0x0000000008008024                . = ALIGN (0x4)
 *(.ARM.extab* .gnu.linkonce.armextab.*)
                0x0000000008008024                . = ALIGN (0x4)

.ARM            0x0000000008008024        0x0
                0x0000000008008024                . = ALIGN (0x4)
                0x0000000008008024                __exidx_start = .
 *(.ARM.exidx*)
                0x0000000008008024                __exidx_end = .
                0x0000000008008024                . = ALIGN (0x4)

.preinit_array  0x0000000008008024        0x0
                0x0000000008008024                . = ALIGN (0x4)
                0x0000000008008024                PROVIDE (__preinit_array_start = .)
 *(.preinit_array*)
                0x0000000008008024                PROVIDE (__preinit_array_end = .)
                0x0000000008008024                . = ALIGN (0x4)

.init_array     0x0000000008008024        0x4
                0x0000000008008024                . = ALIGN (0x4)
                0x0000000008008024                PROVIDE (__init_array_start = .)
 *(SORT_BY_NAME(.init_array.*))
 *(.init_array*)
 .init_array    0x0000000008008024        0x4 /home/furkan/st/stm32cubeide_1.6.1_2/plugins/com.st.stm32cube.ide.mcu.externaltools.gnu-tools-for-stm32.9-2020-q2-update.linux64_1.5.0.202011040924/tools/bin/../lib/gcc/arm-none-eabi/9.3.1/thumb/v7-m/nofp/crtbegin.o
                0x0000000008008028                PROVIDE (__init_array_end = .)
                0x0000000008008028                . = ALIGN (0x4)

.fini_array     0x0000000008008028        0x4
                0x0000000008008028                . = ALIGN (0x4)
                [!provide]                        PROVIDE (__fini_array_start = .)
 *(SORT_BY_NAME(.fini_array.*))
 *(.fini_array*)
 .fini_array    0x0000000008008028        0x4 /home/furkan/st/stm32cubeide_1.6.1_2/plugins/com.st.stm32cube.ide.mcu.externaltools.gnu-tools-for-stm32.9-2020-q2-update.linux64_1.5.0.202011040924/tools/bin/../lib/gcc/arm-none-eabi/9.3.1/thumb/v7-m/nofp/crtbegin.o
                [!provide]                        PROVIDE (__fini_array_end = .)
                0x000000000800802c                . = ALIGN (0x4)
                0x000000000800802c                _sidata = LOADADDR (.data)

.data           0x0000000020000000       0x98 load address 0x000000000800802c
                0x0000000020000000                . = ALIGN (0x4)
                0x0000000020000000                _sdata = .
 *(.data)
 *(.data*)
 .data.Font_11x18
                0x0000000020000000        0x8 Core/Src/fonts.o
                0x0000000020000000                Font_11x18
 .data.IBI      0x0000000020000008        0x4 Core/Src/main.o
                0x0000000020000008                IBI
 .data.P        0x000000002000000c        0x4 Core/Src/main.o
                0x000000002000000c                P
 .data.T        0x0000000020000010        0x4 Core/Src/main.o
                0x0000000020000010                T
 .data.thresh   0x0000000020000014        0x4 Core/Src/main.o
                0x0000000020000014                thresh
 .data.amp      0x0000000020000018        0x4 Core/Src/main.o
                0x0000000020000018                amp
 .data.firstBeat
                0x000000002000001c        0x1 Core/Src/main.o
                0x000000002000001c                firstBeat
 *fill*         0x000000002000001d        0x3 
 .data.SystemCoreClock
                0x0000000020000020        0x4 Core/Src/system_stm32f1xx.o
                0x0000000020000020                SystemCoreClock
 .data.uwTickPrio
                0x0000000020000024        0x4 Drivers/STM32F1xx_HAL_Driver/Src/stm32f1xx_hal.o
                0x0000000020000024                uwTickPrio
 .data.uwTickFreq
                0x0000000020000028        0x1 Drivers/STM32F1xx_HAL_Driver/Src/stm32f1xx_hal.o
                0x0000000020000028                uwTickFreq
 *fill*         0x0000000020000029        0x3 
 .data.uxCriticalNesting
                0x000000002000002c        0x4 Middlewares/Third_Party/FreeRTOS/Source/portable/GCC/ARM_CM3/port.o
 .data._impure_ptr
                0x0000000020000030        0x4 /home/furkan/st/stm32cubeide_1.6.1_2/plugins/com.st.stm32cube.ide.mcu.externaltools.gnu-tools-for-stm32.9-2020-q2-update.linux64_1.5.0.202011040924/tools/bin/../lib/gcc/arm-none-eabi/9.3.1/../../../../arm-none-eabi/lib/thumb/v7-m/nofp/libc_nano.a(lib_a-impure.o)
                0x0000000020000030                _impure_ptr
 .data.impure_data
                0x0000000020000034       0x60 /home/furkan/st/stm32cubeide_1.6.1_2/plugins/com.st.stm32cube.ide.mcu.externaltools.gnu-tools-for-stm32.9-2020-q2-update.linux64_1.5.0.202011040924/tools/bin/../lib/gcc/arm-none-eabi/9.3.1/../../../../arm-none-eabi/lib/thumb/v7-m/nofp/libc_nano.a(lib_a-impure.o)
 .data.__fdlib_version
                0x0000000020000094        0x1 /home/furkan/st/stm32cubeide_1.6.1_2/plugins/com.st.stm32cube.ide.mcu.externaltools.gnu-tools-for-stm32.9-2020-q2-update.linux64_1.5.0.202011040924/tools/bin/../lib/gcc/arm-none-eabi/9.3.1/../../../../arm-none-eabi/lib/thumb/v7-m/nofp/libm.a(lib_a-s_lib_ver.o)
                0x0000000020000094                __fdlib_version
 *(.RamFunc)
 *(.RamFunc*)
                0x0000000020000098                . = ALIGN (0x4)
 *fill*         0x0000000020000095        0x3 
                0x0000000020000098                _edata = .

.igot.plt       0x0000000020000098        0x0 load address 0x00000000080080c4
 .igot.plt      0x0000000020000098        0x0 /home/furkan/st/stm32cubeide_1.6.1_2/plugins/com.st.stm32cube.ide.mcu.externaltools.gnu-tools-for-stm32.9-2020-q2-update.linux64_1.5.0.202011040924/tools/bin/../lib/gcc/arm-none-eabi/9.3.1/thumb/v7-m/nofp/crtbegin.o
                0x0000000020000098                . = ALIGN (0x4)

.bss            0x0000000020000098     0x159c load address 0x00000000080080c4
                0x0000000020000098                _sbss = .
                0x0000000020000098                __bss_start__ = _sbss
 *(.bss)
 .bss           0x0000000020000098       0x1c /home/furkan/st/stm32cubeide_1.6.1_2/plugins/com.st.stm32cube.ide.mcu.externaltools.gnu-tools-for-stm32.9-2020-q2-update.linux64_1.5.0.202011040924/tools/bin/../lib/gcc/arm-none-eabi/9.3.1/thumb/v7-m/nofp/crtbegin.o
 *(.bss*)
 .bss.xIdleTaskTCBBuffer
                0x00000000200000b4       0x54 Core/Src/freertos.o
 .bss.xIdleStack
                0x0000000020000108      0x200 Core/Src/freertos.o
 .bss.pulse     0x0000000020000308        0x1 Core/Src/main.o
                0x0000000020000308                pulse
 .bss.beat_detected
                0x0000000020000309        0x1 Core/Src/main.o
                0x0000000020000309                beat_detected
 *fill*         0x000000002000030a        0x2 
 .bss.sampleCounter
                0x000000002000030c        0x4 Core/Src/main.o
                0x000000002000030c                sampleCounter
 .bss.lastBeatTime
                0x0000000020000310        0x4 Core/Src/main.o
                0x0000000020000310                lastBeatTime
 .bss.secondBeat
                0x0000000020000314        0x1 Core/Src/main.o
                0x0000000020000314                secondBeat
 *fill*         0x0000000020000315        0x1 
 .bss.acc_x_raw
                0x0000000020000316        0x2 Core/Src/main.o
                0x0000000020000316                acc_x_raw
 .bss.acc_y_raw
                0x0000000020000318        0x2 Core/Src/main.o
                0x0000000020000318                acc_y_raw
 .bss.acc_z_raw
                0x000000002000031a        0x2 Core/Src/main.o
                0x000000002000031a                acc_z_raw
 .bss.step_count
                0x000000002000031c        0x4 Core/Src/main.o
                0x000000002000031c                step_count
 .bss.bpm_buf   0x0000000020000320        0xa Core/Src/main.o
                0x0000000020000320                bpm_buf
 *fill*         0x000000002000032a        0x2 
 .bss.step_buf  0x000000002000032c        0xa Core/Src/main.o
                0x000000002000032c                step_buf
 *fill*         0x0000000020000336        0x2 
 .bss.SSD1306_Buffer
                0x0000000020000338      0x400 Core/Src/ssd1306.o
 .bss.SSD1306   0x0000000020000738        0x6 Core/Src/ssd1306.o
 *fill*         0x000000002000073e        0x2 
 .bss.__sbrk_heap_end
                0x0000000020000740        0x4 Core/Src/sysmem.o
 .bss.pxCurrentTCB
                0x0000000020000744        0x4 Middlewares/Third_Party/FreeRTOS/Source/tasks.o
                0x0000000020000744                pxCurrentTCB
 .bss.pxReadyTasksLists
                0x0000000020000748       0x8c Middlewares/Third_Party/FreeRTOS/Source/tasks.o
 .bss.xDelayedTaskList1
                0x00000000200007d4       0x14 Middlewares/Third_Party/FreeRTOS/Source/tasks.o
 .bss.xDelayedTaskList2
                0x00000000200007e8       0x14 Middlewares/Third_Party/FreeRTOS/Source/tasks.o
 .bss.pxDelayedTaskList
                0x00000000200007fc        0x4 Middlewares/Third_Party/FreeRTOS/Source/tasks.o
 .bss.pxOverflowDelayedTaskList
                0x0000000020000800        0x4 Middlewares/Third_Party/FreeRTOS/Source/tasks.o
 .bss.xPendingReadyList
                0x0000000020000804       0x14 Middlewares/Third_Party/FreeRTOS/Source/tasks.o
 .bss.xTasksWaitingTermination
                0x0000000020000818       0x14 Middlewares/Third_Party/FreeRTOS/Source/tasks.o
 .bss.uxDeletedTasksWaitingCleanUp
                0x000000002000082c        0x4 Middlewares/Third_Party/FreeRTOS/Source/tasks.o
 .bss.xSuspendedTaskList
                0x0000000020000830       0x14 Middlewares/Third_Party/FreeRTOS/Source/tasks.o
 .bss.uxCurrentNumberOfTasks
                0x0000000020000844        0x4 Middlewares/Third_Party/FreeRTOS/Source/tasks.o
 .bss.xTickCount
                0x0000000020000848        0x4 Middlewares/Third_Party/FreeRTOS/Source/tasks.o
 .bss.uxTopReadyPriority
                0x000000002000084c        0x4 Middlewares/Third_Party/FreeRTOS/Source/tasks.o
 .bss.xSchedulerRunning
                0x0000000020000850        0x4 Middlewares/Third_Party/FreeRTOS/Source/tasks.o
 .bss.uxPendedTicks
                0x0000000020000854        0x4 Middlewares/Third_Party/FreeRTOS/Source/tasks.o
 .bss.xYieldPending
                0x0000000020000858        0x4 Middlewares/Third_Party/FreeRTOS/Source/tasks.o
 .bss.xNumOfOverflows
                0x000000002000085c        0x4 Middlewares/Third_Party/FreeRTOS/Source/tasks.o
 .bss.uxTaskNumber
                0x0000000020000860        0x4 Middlewares/Third_Party/FreeRTOS/Source/tasks.o
 .bss.xNextTaskUnblockTime
                0x0000000020000864        0x4 Middlewares/Third_Party/FreeRTOS/Source/tasks.o
 .bss.xIdleTaskHandle
                0x0000000020000868        0x4 Middlewares/Third_Party/FreeRTOS/Source/tasks.o
 .bss.uxSchedulerSuspended
                0x000000002000086c        0x4 Middlewares/Third_Party/FreeRTOS/Source/tasks.o
 .bss.ucMaxSysCallPriority
                0x0000000020000870        0x1 Middlewares/Third_Party/FreeRTOS/Source/portable/GCC/ARM_CM3/port.o
 *fill*         0x0000000020000871        0x3 
 .bss.ulMaxPRIGROUPValue
                0x0000000020000874        0x4 Middlewares/Third_Party/FreeRTOS/Source/portable/GCC/ARM_CM3/port.o
 .bss.ucHeap    0x0000000020000878      0xc00 Middlewares/Third_Party/FreeRTOS/Source/portable/MemMang/heap_4.o
 .bss.xStart    0x0000000020001478        0x8 Middlewares/Third_Party/FreeRTOS/Source/portable/MemMang/heap_4.o
 .bss.pxEnd     0x0000000020001480        0x4 Middlewares/Third_Party/FreeRTOS/Source/portable/MemMang/heap_4.o
 .bss.xFreeBytesRemaining
                0x0000000020001484        0x4 Middlewares/Third_Party/FreeRTOS/Source/portable/MemMang/heap_4.o
 .bss.xMinimumEverFreeBytesRemaining
                0x0000000020001488        0x4 Middlewares/Third_Party/FreeRTOS/Source/portable/MemMang/heap_4.o
 .bss.xBlockAllocatedBit
                0x000000002000148c        0x4 Middlewares/Third_Party/FreeRTOS/Source/portable/MemMang/heap_4.o
 .bss.__malloc_free_list
                0x0000000020001490        0x4 /home/furkan/st/stm32cubeide_1.6.1_2/plugins/com.st.stm32cube.ide.mcu.externaltools.gnu-tools-for-stm32.9-2020-q2-update.linux64_1.5.0.202011040924/tools/bin/../lib/gcc/arm-none-eabi/9.3.1/../../../../arm-none-eabi/lib/thumb/v7-m/nofp/libc_nano.a(lib_a-nano-mallocr.o)
                0x0000000020001490                __malloc_free_list
 .bss.__malloc_sbrk_start
                0x0000000020001494        0x4 /home/furkan/st/stm32cubeide_1.6.1_2/plugins/com.st.stm32cube.ide.mcu.externaltools.gnu-tools-for-stm32.9-2020-q2-update.linux64_1.5.0.202011040924/tools/bin/../lib/gcc/arm-none-eabi/9.3.1/../../../../arm-none-eabi/lib/thumb/v7-m/nofp/libc_nano.a(lib_a-nano-mallocr.o)
                0x0000000020001494                __malloc_sbrk_start
 *(COMMON)
 COMMON         0x0000000020001498      0x188 Core/Src/main.o
                0x0000000020001498                rate
                0x00000000200014c0                defaultTaskHandle
                0x00000000200014c4                hadc2
                0x00000000200014f4                hi2c1
                0x0000000020001548                hi2c2
                0x000000002000159c                displayTaskHandle
                0x00000000200015a0                curr_vec
                0x00000000200015a4                gy
                0x00000000200015a8                az
                0x00000000200015ac                htim3
                0x00000000200015f4                prev_vec
                0x00000000200015f8                ax
                0x00000000200015fc                signal
                0x0000000020001600                num
                0x0000000020001604                bpm
                0x0000000020001608                bpmTaskHandle
                0x000000002000160c                gz
                0x0000000020001610                stepTaskHandle
                0x0000000020001614                total_vec
                0x0000000020001618                gx
                0x000000002000161c                ay
 COMMON         0x0000000020001620        0x4 Drivers/STM32F1xx_HAL_Driver/Src/stm32f1xx_hal.o
                0x0000000020001620                uwTick
 COMMON         0x0000000020001624        0x4 /home/furkan/st/stm32cubeide_1.6.1_2/plugins/com.st.stm32cube.ide.mcu.externaltools.gnu-tools-for-stm32.9-2020-q2-update.linux64_1.5.0.202011040924/tools/bin/../lib/gcc/arm-none-eabi/9.3.1/../../../../arm-none-eabi/lib/thumb/v7-m/nofp/libc_nano.a(lib_a-reent.o)
                0x0000000020001624                errno
 COMMON         0x0000000020001628        0x9 /home/furkan/st/stm32cubeide_1.6.1_2/plugins/com.st.stm32cube.ide.mcu.externaltools.gnu-tools-for-stm32.9-2020-q2-update.linux64_1.5.0.202011040924/tools/bin/../lib/gcc/arm-none-eabi/9.3.1/../../../../arm-none-eabi/lib/thumb/v7-m/nofp/libc_nano.a(lib_a-lock.o)
                0x0000000020001628                __lock___atexit_recursive_mutex
                0x0000000020001629                __lock___arc4random_mutex
                0x000000002000162a                __lock___env_recursive_mutex
                0x000000002000162b                __lock___sinit_recursive_mutex
                0x000000002000162c                __lock___malloc_recursive_mutex
                0x000000002000162d                __lock___at_quick_exit_mutex
                0x000000002000162e                __lock___dd_hash_mutex
                0x000000002000162f                __lock___tz_mutex
                0x0000000020001630                __lock___sfp_recursive_mutex
                0x0000000020001634                . = ALIGN (0x4)
 *fill*         0x0000000020001631        0x3 
                0x0000000020001634                _ebss = .
                0x0000000020001634                __bss_end__ = _ebss

._user_heap_stack
                0x0000000020001634      0x604 load address 0x00000000080080c4
                0x0000000020001638                . = ALIGN (0x8)
 *fill*         0x0000000020001634        0x4 
                [!provide]                        PROVIDE (end = .)
                0x0000000020001638                PROVIDE (_end = .)
                0x0000000020001838                . = (. + _Min_Heap_Size)
 *fill*         0x0000000020001638      0x200 
                0x0000000020001c38                . = (. + _Min_Stack_Size)
 *fill*         0x0000000020001838      0x400 
                0x0000000020001c38                . = ALIGN (0x8)

/DISCARD/
 libc.a(*)
 libm.a(*)
 libgcc.a(*)

.ARM.attributes
                0x0000000000000000       0x29
 *(.ARM.attributes)
 .ARM.attributes
                0x0000000000000000       0x1d /home/furkan/st/stm32cubeide_1.6.1_2/plugins/com.st.stm32cube.ide.mcu.externaltools.gnu-tools-for-stm32.9-2020-q2-update.linux64_1.5.0.202011040924/tools/bin/../lib/gcc/arm-none-eabi/9.3.1/thumb/v7-m/nofp/crti.o
 .ARM.attributes
                0x000000000000001d       0x2d /home/furkan/st/stm32cubeide_1.6.1_2/plugins/com.st.stm32cube.ide.mcu.externaltools.gnu-tools-for-stm32.9-2020-q2-update.linux64_1.5.0.202011040924/tools/bin/../lib/gcc/arm-none-eabi/9.3.1/thumb/v7-m/nofp/crtbegin.o
 .ARM.attributes
                0x000000000000004a       0x2d Core/Src/fonts.o
 .ARM.attributes
                0x0000000000000077       0x2d Core/Src/freertos.o
 .ARM.attributes
                0x00000000000000a4       0x2d Core/Src/main.o
 .ARM.attributes
                0x00000000000000d1       0x2d Core/Src/ssd1306.o
 .ARM.attributes
                0x00000000000000fe       0x2d Core/Src/stm32f1xx_hal_msp.o
 .ARM.attributes
                0x000000000000012b       0x2d Core/Src/stm32f1xx_it.o
 .ARM.attributes
                0x0000000000000158       0x2d Core/Src/sysmem.o
 .ARM.attributes
                0x0000000000000185       0x2d Core/Src/system_stm32f1xx.o
 .ARM.attributes
                0x00000000000001b2       0x21 Core/Startup/startup_stm32f103c8tx.o
 .ARM.attributes
                0x00000000000001d3       0x2d Drivers/STM32F1xx_HAL_Driver/Src/stm32f1xx_hal.o
 .ARM.attributes
                0x0000000000000200       0x2d Drivers/STM32F1xx_HAL_Driver/Src/stm32f1xx_hal_adc.o
 .ARM.attributes
                0x000000000000022d       0x2d Drivers/STM32F1xx_HAL_Driver/Src/stm32f1xx_hal_cortex.o
 .ARM.attributes
                0x000000000000025a       0x2d Drivers/STM32F1xx_HAL_Driver/Src/stm32f1xx_hal_gpio.o
 .ARM.attributes
                0x0000000000000287       0x2d Drivers/STM32F1xx_HAL_Driver/Src/stm32f1xx_hal_i2c.o
 .ARM.attributes
                0x00000000000002b4       0x2d Drivers/STM32F1xx_HAL_Driver/Src/stm32f1xx_hal_rcc.o
 .ARM.attributes
                0x00000000000002e1       0x2d Drivers/STM32F1xx_HAL_Driver/Src/stm32f1xx_hal_rcc_ex.o
 .ARM.attributes
                0x000000000000030e       0x2d Drivers/STM32F1xx_HAL_Driver/Src/stm32f1xx_hal_tim.o
 .ARM.attributes
                0x000000000000033b       0x2d Drivers/STM32F1xx_HAL_Driver/Src/stm32f1xx_hal_tim_ex.o
 .ARM.attributes
                0x0000000000000368       0x2d Middlewares/Third_Party/FreeRTOS/Source/CMSIS_RTOS/cmsis_os.o
 .ARM.attributes
                0x0000000000000395       0x2d Middlewares/Third_Party/FreeRTOS/Source/list.o
 .ARM.attributes
                0x00000000000003c2       0x2d Middlewares/Third_Party/FreeRTOS/Source/tasks.o
 .ARM.attributes
                0x00000000000003ef       0x2d Middlewares/Third_Party/FreeRTOS/Source/portable/GCC/ARM_CM3/port.o
 .ARM.attributes
                0x000000000000041c       0x2d Middlewares/Third_Party/FreeRTOS/Source/portable/MemMang/heap_4.o
 .ARM.attributes
                0x0000000000000449       0x2d /home/furkan/st/stm32cubeide_1.6.1_2/plugins/com.st.stm32cube.ide.mcu.externaltools.gnu-tools-for-stm32.9-2020-q2-update.linux64_1.5.0.202011040924/tools/bin/../lib/gcc/arm-none-eabi/9.3.1/../../../../arm-none-eabi/lib/thumb/v7-m/nofp/libc_nano.a(lib_a-errno.o)
 .ARM.attributes
                0x0000000000000476       0x2d /home/furkan/st/stm32cubeide_1.6.1_2/plugins/com.st.stm32cube.ide.mcu.externaltools.gnu-tools-for-stm32.9-2020-q2-update.linux64_1.5.0.202011040924/tools/bin/../lib/gcc/arm-none-eabi/9.3.1/../../../../arm-none-eabi/lib/thumb/v7-m/nofp/libc_nano.a(lib_a-impure.o)
 .ARM.attributes
                0x00000000000004a3       0x2d /home/furkan/st/stm32cubeide_1.6.1_2/plugins/com.st.stm32cube.ide.mcu.externaltools.gnu-tools-for-stm32.9-2020-q2-update.linux64_1.5.0.202011040924/tools/bin/../lib/gcc/arm-none-eabi/9.3.1/../../../../arm-none-eabi/lib/thumb/v7-m/nofp/libc_nano.a(lib_a-init.o)
 .ARM.attributes
                0x00000000000004d0       0x2d /home/furkan/st/stm32cubeide_1.6.1_2/plugins/com.st.stm32cube.ide.mcu.externaltools.gnu-tools-for-stm32.9-2020-q2-update.linux64_1.5.0.202011040924/tools/bin/../lib/gcc/arm-none-eabi/9.3.1/../../../../arm-none-eabi/lib/thumb/v7-m/nofp/libc_nano.a(lib_a-memcpy-stub.o)
 .ARM.attributes
                0x00000000000004fd       0x2d /home/furkan/st/stm32cubeide_1.6.1_2/plugins/com.st.stm32cube.ide.mcu.externaltools.gnu-tools-for-stm32.9-2020-q2-update.linux64_1.5.0.202011040924/tools/bin/../lib/gcc/arm-none-eabi/9.3.1/../../../../arm-none-eabi/lib/thumb/v7-m/nofp/libc_nano.a(lib_a-memset.o)
 .ARM.attributes
                0x000000000000052a       0x2d /home/furkan/st/stm32cubeide_1.6.1_2/plugins/com.st.stm32cube.ide.mcu.externaltools.gnu-tools-for-stm32.9-2020-q2-update.linux64_1.5.0.202011040924/tools/bin/../lib/gcc/arm-none-eabi/9.3.1/../../../../arm-none-eabi/lib/thumb/v7-m/nofp/libc_nano.a(lib_a-sprintf.o)
 .ARM.attributes
                0x0000000000000557       0x2d /home/furkan/st/stm32cubeide_1.6.1_2/plugins/com.st.stm32cube.ide.mcu.externaltools.gnu-tools-for-stm32.9-2020-q2-update.linux64_1.5.0.202011040924/tools/bin/../lib/gcc/arm-none-eabi/9.3.1/../../../../arm-none-eabi/lib/thumb/v7-m/nofp/libc_nano.a(lib_a-nano-svfprintf.o)
 .ARM.attributes
                0x0000000000000584       0x2d /home/furkan/st/stm32cubeide_1.6.1_2/plugins/com.st.stm32cube.ide.mcu.externaltools.gnu-tools-for-stm32.9-2020-q2-update.linux64_1.5.0.202011040924/tools/bin/../lib/gcc/arm-none-eabi/9.3.1/../../../../arm-none-eabi/lib/thumb/v7-m/nofp/libc_nano.a(lib_a-nano-vfprintf_i.o)
 .ARM.attributes
                0x00000000000005b1       0x2d /home/furkan/st/stm32cubeide_1.6.1_2/plugins/com.st.stm32cube.ide.mcu.externaltools.gnu-tools-for-stm32.9-2020-q2-update.linux64_1.5.0.202011040924/tools/bin/../lib/gcc/arm-none-eabi/9.3.1/../../../../arm-none-eabi/lib/thumb/v7-m/nofp/libc_nano.a(lib_a-memchr-stub.o)
 .ARM.attributes
                0x00000000000005de       0x2d /home/furkan/st/stm32cubeide_1.6.1_2/plugins/com.st.stm32cube.ide.mcu.externaltools.gnu-tools-for-stm32.9-2020-q2-update.linux64_1.5.0.202011040924/tools/bin/../lib/gcc/arm-none-eabi/9.3.1/../../../../arm-none-eabi/lib/thumb/v7-m/nofp/libc_nano.a(lib_a-memmove.o)
 .ARM.attributes
                0x000000000000060b       0x2d /home/furkan/st/stm32cubeide_1.6.1_2/plugins/com.st.stm32cube.ide.mcu.externaltools.gnu-tools-for-stm32.9-2020-q2-update.linux64_1.5.0.202011040924/tools/bin/../lib/gcc/arm-none-eabi/9.3.1/../../../../arm-none-eabi/lib/thumb/v7-m/nofp/libc_nano.a(lib_a-nano-freer.o)
 .ARM.attributes
                0x0000000000000638       0x2d /home/furkan/st/stm32cubeide_1.6.1_2/plugins/com.st.stm32cube.ide.mcu.externaltools.gnu-tools-for-stm32.9-2020-q2-update.linux64_1.5.0.202011040924/tools/bin/../lib/gcc/arm-none-eabi/9.3.1/../../../../arm-none-eabi/lib/thumb/v7-m/nofp/libc_nano.a(lib_a-nano-mallocr.o)
 .ARM.attributes
                0x0000000000000665       0x2d /home/furkan/st/stm32cubeide_1.6.1_2/plugins/com.st.stm32cube.ide.mcu.externaltools.gnu-tools-for-stm32.9-2020-q2-update.linux64_1.5.0.202011040924/tools/bin/../lib/gcc/arm-none-eabi/9.3.1/../../../../arm-none-eabi/lib/thumb/v7-m/nofp/libc_nano.a(lib_a-nano-reallocr.o)
 .ARM.attributes
                0x0000000000000692       0x2d /home/furkan/st/stm32cubeide_1.6.1_2/plugins/com.st.stm32cube.ide.mcu.externaltools.gnu-tools-for-stm32.9-2020-q2-update.linux64_1.5.0.202011040924/tools/bin/../lib/gcc/arm-none-eabi/9.3.1/../../../../arm-none-eabi/lib/thumb/v7-m/nofp/libc_nano.a(lib_a-sbrkr.o)
 .ARM.attributes
                0x00000000000006bf       0x2d /home/furkan/st/stm32cubeide_1.6.1_2/plugins/com.st.stm32cube.ide.mcu.externaltools.gnu-tools-for-stm32.9-2020-q2-update.linux64_1.5.0.202011040924/tools/bin/../lib/gcc/arm-none-eabi/9.3.1/../../../../arm-none-eabi/lib/thumb/v7-m/nofp/libc_nano.a(lib_a-mlock.o)
 .ARM.attributes
                0x00000000000006ec       0x2d /home/furkan/st/stm32cubeide_1.6.1_2/plugins/com.st.stm32cube.ide.mcu.externaltools.gnu-tools-for-stm32.9-2020-q2-update.linux64_1.5.0.202011040924/tools/bin/../lib/gcc/arm-none-eabi/9.3.1/../../../../arm-none-eabi/lib/thumb/v7-m/nofp/libc_nano.a(lib_a-nano-msizer.o)
 .ARM.attributes
                0x0000000000000719       0x2d /home/furkan/st/stm32cubeide_1.6.1_2/plugins/com.st.stm32cube.ide.mcu.externaltools.gnu-tools-for-stm32.9-2020-q2-update.linux64_1.5.0.202011040924/tools/bin/../lib/gcc/arm-none-eabi/9.3.1/../../../../arm-none-eabi/lib/thumb/v7-m/nofp/libc_nano.a(lib_a-reent.o)
 .ARM.attributes
                0x0000000000000746       0x2d /home/furkan/st/stm32cubeide_1.6.1_2/plugins/com.st.stm32cube.ide.mcu.externaltools.gnu-tools-for-stm32.9-2020-q2-update.linux64_1.5.0.202011040924/tools/bin/../lib/gcc/arm-none-eabi/9.3.1/../../../../arm-none-eabi/lib/thumb/v7-m/nofp/libc_nano.a(lib_a-lock.o)
 .ARM.attributes
                0x0000000000000773       0x2d /home/furkan/st/stm32cubeide_1.6.1_2/plugins/com.st.stm32cube.ide.mcu.externaltools.gnu-tools-for-stm32.9-2020-q2-update.linux64_1.5.0.202011040924/tools/bin/../lib/gcc/arm-none-eabi/9.3.1/../../../../arm-none-eabi/lib/thumb/v7-m/nofp/libm.a(lib_a-w_sqrt.o)
 .ARM.attributes
                0x00000000000007a0       0x2d /home/furkan/st/stm32cubeide_1.6.1_2/plugins/com.st.stm32cube.ide.mcu.externaltools.gnu-tools-for-stm32.9-2020-q2-update.linux64_1.5.0.202011040924/tools/bin/../lib/gcc/arm-none-eabi/9.3.1/../../../../arm-none-eabi/lib/thumb/v7-m/nofp/libm.a(lib_a-e_sqrt.o)
 .ARM.attributes
                0x00000000000007cd       0x2d /home/furkan/st/stm32cubeide_1.6.1_2/plugins/com.st.stm32cube.ide.mcu.externaltools.gnu-tools-for-stm32.9-2020-q2-update.linux64_1.5.0.202011040924/tools/bin/../lib/gcc/arm-none-eabi/9.3.1/../../../../arm-none-eabi/lib/thumb/v7-m/nofp/libm.a(lib_a-s_lib_ver.o)
 .ARM.attributes
                0x00000000000007fa       0x1d /home/furkan/st/stm32cubeide_1.6.1_2/plugins/com.st.stm32cube.ide.mcu.externaltools.gnu-tools-for-stm32.9-2020-q2-update.linux64_1.5.0.202011040924/tools/bin/../lib/gcc/arm-none-eabi/9.3.1/thumb/v7-m/nofp/libgcc.a(_arm_addsubdf3.o)
 .ARM.attributes
                0x0000000000000817       0x1d /home/furkan/st/stm32cubeide_1.6.1_2/plugins/com.st.stm32cube.ide.mcu.externaltools.gnu-tools-for-stm32.9-2020-q2-update.linux64_1.5.0.202011040924/tools/bin/../lib/gcc/arm-none-eabi/9.3.1/thumb/v7-m/nofp/libgcc.a(_arm_muldivdf3.o)
 .ARM.attributes
                0x0000000000000834       0x1d /home/furkan/st/stm32cubeide_1.6.1_2/plugins/com.st.stm32cube.ide.mcu.externaltools.gnu-tools-for-stm32.9-2020-q2-update.linux64_1.5.0.202011040924/tools/bin/../lib/gcc/arm-none-eabi/9.3.1/thumb/v7-m/nofp/libgcc.a(_arm_cmpdf2.o)
 .ARM.attributes
                0x0000000000000851       0x1d /home/furkan/st/stm32cubeide_1.6.1_2/plugins/com.st.stm32cube.ide.mcu.externaltools.gnu-tools-for-stm32.9-2020-q2-update.linux64_1.5.0.202011040924/tools/bin/../lib/gcc/arm-none-eabi/9.3.1/thumb/v7-m/nofp/libgcc.a(_arm_unorddf2.o)
 .ARM.attributes
                0x000000000000086e       0x1d /home/furkan/st/stm32cubeide_1.6.1_2/plugins/com.st.stm32cube.ide.mcu.externaltools.gnu-tools-for-stm32.9-2020-q2-update.linux64_1.5.0.202011040924/tools/bin/../lib/gcc/arm-none-eabi/9.3.1/thumb/v7-m/nofp/libgcc.a(_arm_truncdfsf2.o)
 .ARM.attributes
                0x000000000000088b       0x1d /home/furkan/st/stm32cubeide_1.6.1_2/plugins/com.st.stm32cube.ide.mcu.externaltools.gnu-tools-for-stm32.9-2020-q2-update.linux64_1.5.0.202011040924/tools/bin/../lib/gcc/arm-none-eabi/9.3.1/thumb/v7-m/nofp/libgcc.a(_arm_addsubsf3.o)
 .ARM.attributes
                0x00000000000008a8       0x1d /home/furkan/st/stm32cubeide_1.6.1_2/plugins/com.st.stm32cube.ide.mcu.externaltools.gnu-tools-for-stm32.9-2020-q2-update.linux64_1.5.0.202011040924/tools/bin/../lib/gcc/arm-none-eabi/9.3.1/thumb/v7-m/nofp/libgcc.a(_arm_cmpsf2.o)
 .ARM.attributes
                0x00000000000008c5       0x1d /home/furkan/st/stm32cubeide_1.6.1_2/plugins/com.st.stm32cube.ide.mcu.externaltools.gnu-tools-for-stm32.9-2020-q2-update.linux64_1.5.0.202011040924/tools/bin/../lib/gcc/arm-none-eabi/9.3.1/thumb/v7-m/nofp/crtn.o
OUTPUT(SteeptWatch.elf elf32-littlearm)
LOAD linker stubs
LOAD /home/furkan/st/stm32cubeide_1.6.1_2/plugins/com.st.stm32cube.ide.mcu.externaltools.gnu-tools-for-stm32.9-2020-q2-update.linux64_1.5.0.202011040924/tools/bin/../lib/gcc/arm-none-eabi/9.3.1/../../../../arm-none-eabi/lib/thumb/v7-m/nofp/libc.a
LOAD /home/furkan/st/stm32cubeide_1.6.1_2/plugins/com.st.stm32cube.ide.mcu.externaltools.gnu-tools-for-stm32.9-2020-q2-update.linux64_1.5.0.202011040924/tools/bin/../lib/gcc/arm-none-eabi/9.3.1/../../../../arm-none-eabi/lib/thumb/v7-m/nofp/libm.a
LOAD /home/furkan/st/stm32cubeide_1.6.1_2/plugins/com.st.stm32cube.ide.mcu.externaltools.gnu-tools-for-stm32.9-2020-q2-update.linux64_1.5.0.202011040924/tools/bin/../lib/gcc/arm-none-eabi/9.3.1/thumb/v7-m/nofp/libgcc.a

.debug_info     0x0000000000000000    0x16c4b
 .debug_info    0x0000000000000000      0xbd3 Core/Src/fonts.o
 .debug_info    0x0000000000000bd3      0x36d Core/Src/freertos.o
 .debug_info    0x0000000000000f40     0x2117 Core/Src/main.o
 .debug_info    0x0000000000003057     0x1a1a Core/Src/ssd1306.o
 .debug_info    0x0000000000004a71     0x113a Core/Src/stm32f1xx_hal_msp.o
 .debug_info    0x0000000000005bab      0x7a3 Core/Src/stm32f1xx_it.o
 .debug_info    0x000000000000634e      0xa25 Core/Src/sysmem.o
 .debug_info    0x0000000000006d73      0x2be Core/Src/system_stm32f1xx.o
 .debug_info    0x0000000000007031       0x22 Core/Startup/startup_stm32f103c8tx.o
 .debug_info    0x0000000000007053      0x76a Drivers/STM32F1xx_HAL_Driver/Src/stm32f1xx_hal.o
 .debug_info    0x00000000000077bd      0xd2d Drivers/STM32F1xx_HAL_Driver/Src/stm32f1xx_hal_adc.o
 .debug_info    0x00000000000084ea      0xbdc Drivers/STM32F1xx_HAL_Driver/Src/stm32f1xx_hal_cortex.o
 .debug_info    0x00000000000090c6      0x701 Drivers/STM32F1xx_HAL_Driver/Src/stm32f1xx_hal_gpio.o
 .debug_info    0x00000000000097c7     0x2774 Drivers/STM32F1xx_HAL_Driver/Src/stm32f1xx_hal_i2c.o
 .debug_info    0x000000000000bf3b      0x88e Drivers/STM32F1xx_HAL_Driver/Src/stm32f1xx_hal_rcc.o
 .debug_info    0x000000000000c7c9      0x480 Drivers/STM32F1xx_HAL_Driver/Src/stm32f1xx_hal_rcc_ex.o
 .debug_info    0x000000000000cc49     0x2a43 Drivers/STM32F1xx_HAL_Driver/Src/stm32f1xx_hal_tim.o
 .debug_info    0x000000000000f68c     0x1495 Drivers/STM32F1xx_HAL_Driver/Src/stm32f1xx_hal_tim_ex.o
 .debug_info    0x0000000000010b21     0x2019 Middlewares/Third_Party/FreeRTOS/Source/CMSIS_RTOS/cmsis_os.o
 .debug_info    0x0000000000012b3a      0xb7c Middlewares/Third_Party/FreeRTOS/Source/list.o
 .debug_info    0x00000000000136b6     0x247d Middlewares/Third_Party/FreeRTOS/Source/tasks.o
 .debug_info    0x0000000000015b33      0x4a1 Middlewares/Third_Party/FreeRTOS/Source/portable/GCC/ARM_CM3/port.o
 .debug_info    0x0000000000015fd4      0xc77 Middlewares/Third_Party/FreeRTOS/Source/portable/MemMang/heap_4.o

.debug_abbrev   0x0000000000000000     0x32e2
 .debug_abbrev  0x0000000000000000      0x208 Core/Src/fonts.o
 .debug_abbrev  0x0000000000000208      0x11d Core/Src/freertos.o
 .debug_abbrev  0x0000000000000325      0x358 Core/Src/main.o
 .debug_abbrev  0x000000000000067d      0x35a Core/Src/ssd1306.o
 .debug_abbrev  0x00000000000009d7      0x206 Core/Src/stm32f1xx_hal_msp.o
 .debug_abbrev  0x0000000000000bdd      0x176 Core/Src/stm32f1xx_it.o
 .debug_abbrev  0x0000000000000d53      0x1bf Core/Src/sysmem.o
 .debug_abbrev  0x0000000000000f12      0x14e Core/Src/system_stm32f1xx.o
 .debug_abbrev  0x0000000000001060       0x12 Core/Startup/startup_stm32f103c8tx.o
 .debug_abbrev  0x0000000000001072      0x1ed Drivers/STM32F1xx_HAL_Driver/Src/stm32f1xx_hal.o
 .debug_abbrev  0x000000000000125f      0x1fb Drivers/STM32F1xx_HAL_Driver/Src/stm32f1xx_hal_adc.o
 .debug_abbrev  0x000000000000145a      0x313 Drivers/STM32F1xx_HAL_Driver/Src/stm32f1xx_hal_cortex.o
 .debug_abbrev  0x000000000000176d      0x1e8 Drivers/STM32F1xx_HAL_Driver/Src/stm32f1xx_hal_gpio.o
 .debug_abbrev  0x0000000000001955      0x288 Drivers/STM32F1xx_HAL_Driver/Src/stm32f1xx_hal_i2c.o
 .debug_abbrev  0x0000000000001bdd      0x273 Drivers/STM32F1xx_HAL_Driver/Src/stm32f1xx_hal_rcc.o
 .debug_abbrev  0x0000000000001e50      0x193 Drivers/STM32F1xx_HAL_Driver/Src/stm32f1xx_hal_rcc_ex.o
 .debug_abbrev  0x0000000000001fe3      0x25e Drivers/STM32F1xx_HAL_Driver/Src/stm32f1xx_hal_tim.o
 .debug_abbrev  0x0000000000002241      0x266 Drivers/STM32F1xx_HAL_Driver/Src/stm32f1xx_hal_tim_ex.o
 .debug_abbrev  0x00000000000024a7      0x3c2 Middlewares/Third_Party/FreeRTOS/Source/CMSIS_RTOS/cmsis_os.o
 .debug_abbrev  0x0000000000002869      0x1f7 Middlewares/Third_Party/FreeRTOS/Source/list.o
 .debug_abbrev  0x0000000000002a60      0x380 Middlewares/Third_Party/FreeRTOS/Source/tasks.o
 .debug_abbrev  0x0000000000002de0      0x22f Middlewares/Third_Party/FreeRTOS/Source/portable/GCC/ARM_CM3/port.o
 .debug_abbrev  0x000000000000300f      0x2d3 Middlewares/Third_Party/FreeRTOS/Source/portable/MemMang/heap_4.o

.debug_aranges  0x0000000000000000     0x1348
 .debug_aranges
                0x0000000000000000       0x20 Core/Src/fonts.o
 .debug_aranges
                0x0000000000000020       0x20 Core/Src/freertos.o
 .debug_aranges
                0x0000000000000040       0xb0 Core/Src/main.o
 .debug_aranges
                0x00000000000000f0       0xf8 Core/Src/ssd1306.o
 .debug_aranges
                0x00000000000001e8       0x50 Core/Src/stm32f1xx_hal_msp.o
 .debug_aranges
                0x0000000000000238       0x58 Core/Src/stm32f1xx_it.o
 .debug_aranges
                0x0000000000000290       0x20 Core/Src/sysmem.o
 .debug_aranges
                0x00000000000002b0       0x28 Core/Src/system_stm32f1xx.o
 .debug_aranges
                0x00000000000002d8       0x28 Core/Startup/startup_stm32f103c8tx.o
 .debug_aranges
                0x0000000000000300       0xe0 Drivers/STM32F1xx_HAL_Driver/Src/stm32f1xx_hal.o
 .debug_aranges
                0x00000000000003e0       0xf0 Drivers/STM32F1xx_HAL_Driver/Src/stm32f1xx_hal_adc.o
 .debug_aranges
                0x00000000000004d0      0x100 Drivers/STM32F1xx_HAL_Driver/Src/stm32f1xx_hal_cortex.o
 .debug_aranges
                0x00000000000005d0       0x58 Drivers/STM32F1xx_HAL_Driver/Src/stm32f1xx_hal_gpio.o
 .debug_aranges
                0x0000000000000628      0x2a0 Drivers/STM32F1xx_HAL_Driver/Src/stm32f1xx_hal_i2c.o
 .debug_aranges
                0x00000000000008c8       0x90 Drivers/STM32F1xx_HAL_Driver/Src/stm32f1xx_hal_rcc.o
 .debug_aranges
                0x0000000000000958       0x30 Drivers/STM32F1xx_HAL_Driver/Src/stm32f1xx_hal_rcc_ex.o
 .debug_aranges
                0x0000000000000988      0x3d0 Drivers/STM32F1xx_HAL_Driver/Src/stm32f1xx_hal_tim.o
 .debug_aranges
                0x0000000000000d58      0x168 Drivers/STM32F1xx_HAL_Driver/Src/stm32f1xx_hal_tim_ex.o
 .debug_aranges
                0x0000000000000ec0      0x1d8 Middlewares/Third_Party/FreeRTOS/Source/CMSIS_RTOS/cmsis_os.o
 .debug_aranges
                0x0000000000001098       0x40 Middlewares/Third_Party/FreeRTOS/Source/list.o
 .debug_aranges
                0x00000000000010d8      0x1a8 Middlewares/Third_Party/FreeRTOS/Source/tasks.o
 .debug_aranges
                0x0000000000001280       0x78 Middlewares/Third_Party/FreeRTOS/Source/portable/GCC/ARM_CM3/port.o
 .debug_aranges
                0x00000000000012f8       0x50 Middlewares/Third_Party/FreeRTOS/Source/portable/MemMang/heap_4.o

.debug_ranges   0x0000000000000000     0x1208
 .debug_ranges  0x0000000000000000       0x10 Core/Src/fonts.o
 .debug_ranges  0x0000000000000010       0x10 Core/Src/freertos.o
 .debug_ranges  0x0000000000000020       0xa0 Core/Src/main.o
 .debug_ranges  0x00000000000000c0       0xe8 Core/Src/ssd1306.o
 .debug_ranges  0x00000000000001a8       0x40 Core/Src/stm32f1xx_hal_msp.o
 .debug_ranges  0x00000000000001e8       0x48 Core/Src/stm32f1xx_it.o
 .debug_ranges  0x0000000000000230       0x10 Core/Src/sysmem.o
 .debug_ranges  0x0000000000000240       0x18 Core/Src/system_stm32f1xx.o
 .debug_ranges  0x0000000000000258       0x20 Core/Startup/startup_stm32f103c8tx.o
 .debug_ranges  0x0000000000000278       0xd0 Drivers/STM32F1xx_HAL_Driver/Src/stm32f1xx_hal.o
 .debug_ranges  0x0000000000000348       0xe0 Drivers/STM32F1xx_HAL_Driver/Src/stm32f1xx_hal_adc.o
 .debug_ranges  0x0000000000000428       0xf0 Drivers/STM32F1xx_HAL_Driver/Src/stm32f1xx_hal_cortex.o
 .debug_ranges  0x0000000000000518       0x48 Drivers/STM32F1xx_HAL_Driver/Src/stm32f1xx_hal_gpio.o
 .debug_ranges  0x0000000000000560      0x2b8 Drivers/STM32F1xx_HAL_Driver/Src/stm32f1xx_hal_i2c.o
 .debug_ranges  0x0000000000000818       0x80 Drivers/STM32F1xx_HAL_Driver/Src/stm32f1xx_hal_rcc.o
 .debug_ranges  0x0000000000000898       0x20 Drivers/STM32F1xx_HAL_Driver/Src/stm32f1xx_hal_rcc_ex.o
 .debug_ranges  0x00000000000008b8      0x3c0 Drivers/STM32F1xx_HAL_Driver/Src/stm32f1xx_hal_tim.o
 .debug_ranges  0x0000000000000c78      0x158 Drivers/STM32F1xx_HAL_Driver/Src/stm32f1xx_hal_tim_ex.o
 .debug_ranges  0x0000000000000dd0      0x1c8 Middlewares/Third_Party/FreeRTOS/Source/CMSIS_RTOS/cmsis_os.o
 .debug_ranges  0x0000000000000f98       0x30 Middlewares/Third_Party/FreeRTOS/Source/list.o
 .debug_ranges  0x0000000000000fc8      0x198 Middlewares/Third_Party/FreeRTOS/Source/tasks.o
 .debug_ranges  0x0000000000001160       0x68 Middlewares/Third_Party/FreeRTOS/Source/portable/GCC/ARM_CM3/port.o
 .debug_ranges  0x00000000000011c8       0x40 Middlewares/Third_Party/FreeRTOS/Source/portable/MemMang/heap_4.o

.debug_macro    0x0000000000000000    0x1a688
 .debug_macro   0x0000000000000000      0x28f Core/Src/fonts.o
 .debug_macro   0x000000000000028f      0xa9c Core/Src/fonts.o
 .debug_macro   0x0000000000000d2b      0x221 Core/Src/fonts.o
 .debug_macro   0x0000000000000f4c       0x2e Core/Src/fonts.o
 .debug_macro   0x0000000000000f7a       0x22 Core/Src/fonts.o
 .debug_macro   0x0000000000000f9c       0x22 Core/Src/fonts.o
 .debug_macro   0x0000000000000fbe       0x8e Core/Src/fonts.o
 .debug_macro   0x000000000000104c       0x51 Core/Src/fonts.o
 .debug_macro   0x000000000000109d      0x103 Core/Src/fonts.o
 .debug_macro   0x00000000000011a0       0x6a Core/Src/fonts.o
 .debug_macro   0x000000000000120a      0x1df Core/Src/fonts.o
 .debug_macro   0x00000000000013e9       0x1c Core/Src/fonts.o
 .debug_macro   0x0000000000001405       0x22 Core/Src/fonts.o
 .debug_macro   0x0000000000001427       0xc3 Core/Src/fonts.o
 .debug_macro   0x00000000000014ea      0xd23 Core/Src/fonts.o
 .debug_macro   0x000000000000220d     0xe097 Core/Src/fonts.o
 .debug_macro   0x00000000000102a4       0x43 Core/Src/fonts.o
 .debug_macro   0x00000000000102e7     0x3468 Core/Src/fonts.o
 .debug_macro   0x000000000001374f      0x174 Core/Src/fonts.o
 .debug_macro   0x00000000000138c3       0x5c Core/Src/fonts.o
 .debug_macro   0x000000000001391f      0x5be Core/Src/fonts.o
 .debug_macro   0x0000000000013edd      0x289 Core/Src/fonts.o
 .debug_macro   0x0000000000014166      0x1cb Core/Src/fonts.o
 .debug_macro   0x0000000000014331      0x114 Core/Src/fonts.o
 .debug_macro   0x0000000000014445      0x1b2 Core/Src/fonts.o
 .debug_macro   0x00000000000145f7       0x27 Core/Src/fonts.o
 .debug_macro   0x000000000001461e      0x136 Core/Src/fonts.o
 .debug_macro   0x0000000000014754      0x1bc Core/Src/fonts.o
 .debug_macro   0x0000000000014910       0x34 Core/Src/fonts.o
 .debug_macro   0x0000000000014944       0x3c Core/Src/fonts.o
 .debug_macro   0x0000000000014980       0x57 Core/Src/fonts.o
 .debug_macro   0x00000000000149d7      0x46a Core/Src/fonts.o
 .debug_macro   0x0000000000014e41      0x1b5 Core/Src/fonts.o
 .debug_macro   0x0000000000014ff6       0x88 Core/Src/fonts.o
 .debug_macro   0x000000000001507e      0x241 Core/Src/fonts.o
 .debug_macro   0x00000000000152bf      0x287 Core/Src/fonts.o
 .debug_macro   0x0000000000015546      0x141 Core/Src/fonts.o
 .debug_macro   0x0000000000015687      0x8d1 Core/Src/fonts.o
 .debug_macro   0x0000000000015f58       0x83 Core/Src/fonts.o
 .debug_macro   0x0000000000015fdb       0x52 Core/Src/fonts.o
 .debug_macro   0x000000000001602d       0x18 Core/Src/fonts.o
 .debug_macro   0x0000000000016045       0x3c Core/Src/fonts.o
 .debug_macro   0x0000000000016081       0x34 Core/Src/fonts.o
 .debug_macro   0x00000000000160b5       0x16 Core/Src/fonts.o
 .debug_macro   0x00000000000160cb       0x43 Core/Src/fonts.o
 .debug_macro   0x000000000001610e       0x34 Core/Src/fonts.o
 .debug_macro   0x0000000000016142       0x10 Core/Src/fonts.o
 .debug_macro   0x0000000000016152       0x58 Core/Src/fonts.o
 .debug_macro   0x00000000000161aa       0x71 Core/Src/fonts.o
 .debug_macro   0x000000000001621b       0x1c Core/Src/fonts.o
 .debug_macro   0x0000000000016237      0x12a Core/Src/fonts.o
 .debug_macro   0x0000000000016361      0x333 Core/Src/fonts.o
 .debug_macro   0x0000000000016694       0x10 Core/Src/fonts.o
 .debug_macro   0x00000000000166a4       0x35 Core/Src/fonts.o
 .debug_macro   0x00000000000166d9       0x20 Core/Src/fonts.o
 .debug_macro   0x00000000000166f9      0x229 Core/Src/freertos.o
 .debug_macro   0x0000000000016922       0xd0 Core/Src/freertos.o
 .debug_macro   0x00000000000169f2      0x15a Core/Src/freertos.o
 .debug_macro   0x0000000000016b4c       0xd7 Core/Src/freertos.o
 .debug_macro   0x0000000000016c23       0x10 Core/Src/freertos.o
 .debug_macro   0x0000000000016c33       0x1f Core/Src/freertos.o
 .debug_macro   0x0000000000016c52      0x4b7 Core/Src/freertos.o
 .debug_macro   0x0000000000017109       0xb5 Core/Src/freertos.o
 .debug_macro   0x00000000000171be       0x8c Core/Src/freertos.o
 .debug_macro   0x000000000001724a      0x4b3 Core/Src/main.o