main.c:133:6:MPU6050_Init	32	static
main.c:160:6:MPU6050_Read_Acc	32	static
main.c:178:6:MPU6050_Read_Gyro	32	static
main.c:195:6:accelometer_task_func	8	static
main.c:209:6:bpm_task_func	8	static
main.c:222:6:display_task_func	8	static
main.c:243:5:main	128	static
main.c:350:6:SystemClock_Config	88	static
main.c:393:13:MX_ADC2_Init	24	static
main.c:438:13:MX_I2C1_Init	8	static
main.c:472:13:MX_I2C2_Init	8	static
main.c:506:13:MX_TIM3_Init	32	static
main.c:551:13:MX_GPIO_Init	24	static
main.c:562:6:HAL_TIM_PeriodElapsedCallback	32	static
main.c:649:6:StartDefaultTask	16	static
main.c:667:6:StartTask02	16	static
main.c:685:6:StartTask03	16	static
main.c:703:6:StartTask04	16	static
main.c:718:6:Error_Handler	4	static,ignoring_inline_asm
